
   WARN  Metadata found in doc-comment for method Tests\Feature\Authentication\LoginMutationTest::user_can_login_successfully(). Metadata in doc-comments is deprecated and will no longer be supported in PHPUnit 12. Update your test code to use attributes instead.

   WARN  Metadata found in doc-comment for method Tests\Feature\Authentication\LoginMutationTest::cannot_login_with_invalid_credentials(). Metadata in doc-comments is deprecated and will no longer be supported in PHPUnit 12. Update your test code to use attributes instead.

   WARN  Metadata found in doc-comment for method Tests\Feature\Authentication\LoginMutationTest::cannot_login_with_nonexistent_email(). Metadata in doc-comments is deprecated and will no longer be supported in PHPUnit 12. Update your test code to use attributes instead.

   WARN  Metadata found in doc-comment for method Tests\Feature\Authentication\LoginMutationTest::email_login_is_case_insensitive(). Metadata in doc-comments is deprecated and will no longer be supported in PHPUnit 12. Update your test code to use attributes instead.

   WARN  Metadata found in doc-comment for method Tests\Feature\Authentication\LoginMutationTest::cannot_login_with_suspended_account(). Metadata in doc-comments is deprecated and will no longer be supported in PHPUnit 12. Update your test code to use attributes instead.

   WARN  Metadata found in doc-comment for method Tests\Feature\Authentication\LoginMutationTest::can_login_without_verified_email(). Metadata in doc-comments is deprecated and will no longer be supported in PHPUnit 12. Update your test code to use attributes instead.

   WARN  Metadata found in doc-comment for method Tests\Feature\Authentication\LoginMutationTest::email_is_required(). Metadata in doc-comments is deprecated and will no longer be supported in PHPUnit 12. Update your test code to use attributes instead.

   WARN  Metadata found in doc-comment for method Tests\Feature\Authentication\LoginMutationTest::password_is_required(). Metadata in doc-comments is deprecated and will no longer be supported in PHPUnit 12. Update your test code to use attributes instead.

   WARN  Metadata found in doc-comment for method Tests\Feature\Authentication\LoginMutationTest::generated_jwt_tokens_are_valid(). Metadata in doc-comments is deprecated and will no longer be supported in PHPUnit 12. Update your test code to use attributes instead.

   WARN  Metadata found in doc-comment for method Tests\Feature\Authentication\LoginMutationTest::login_with_multiple_roles_returns_all_contexts(). Metadata in doc-comments is deprecated and will no longer be supported in PHPUnit 12. Update your test code to use attributes instead.

   WARN  Metadata found in doc-comment for method Tests\Feature\Authentication\LoginMutationTest::response_structure_matches_register_mutation(). Metadata in doc-comments is deprecated and will no longer be supported in PHPUnit 12. Update your test code to use attributes instead.

   WARN  Metadata found in doc-comment for method Tests\Feature\Authentication\Mutations\PasswordResetCompleteTest::user_can_request_password_reset(). Metadata in doc-comments is deprecated and will no longer be supported in PHPUnit 12. Update your test code to use attributes instead.

   WARN  Metadata found in doc-comment for method Tests\Feature\Authentication\Mutations\PasswordResetCompleteTest::nonexistent_email_returns_true_for_security(). Metadata in doc-comments is deprecated and will no longer be supported in PHPUnit 12. Update your test code to use attributes instead.

   WARN  Metadata found in doc-comment for method Tests\Feature\Authentication\Mutations\PasswordResetCompleteTest::generates_reset_token_in_cache(). Metadata in doc-comments is deprecated and will no longer be supported in PHPUnit 12. Update your test code to use attributes instead.

   WARN  Metadata found in doc-comment for method Tests\Feature\Authentication\Mutations\PasswordResetCompleteTest::sends_reset_email_with_token_and_code(). Metadata in doc-comments is deprecated and will no longer be supported in PHPUnit 12. Update your test code to use attributes instead.

   WARN  Metadata found in doc-comment for method Tests\Feature\Authentication\Mutations\PasswordResetCompleteTest::email_contains_token_and_6_digit_code(). Metadata in doc-comments is deprecated and will no longer be supported in PHPUnit 12. Update your test code to use attributes instead.

   WARN  Metadata found in doc-comment for method Tests\Feature\Authentication\Mutations\PasswordResetCompleteTest::rate_limits_reset_resends_to_1_per_minute(). Metadata in doc-comments is deprecated and will no longer be supported in PHPUnit 12. Update your test code to use attributes instead.

   WARN  Metadata found in doc-comment for method Tests\Feature\Authentication\Mutations\PasswordResetCompleteTest::enforces_2_emails_per_3_hours_limit(). Metadata in doc-comments is deprecated and will no longer be supported in PHPUnit 12. Update your test code to use attributes instead.

   WARN  Metadata found in doc-comment for method Tests\Feature\Authentication\Mutations\PasswordResetCompleteTest::can_check_reset_token_validity(). Metadata in doc-comments is deprecated and will no longer be supported in PHPUnit 12. Update your test code to use attributes instead.

   WARN  Metadata found in doc-comment for method Tests\Feature\Authentication\Mutations\PasswordResetCompleteTest::returns_expiration_time(). Metadata in doc-comments is deprecated and will no longer be supported in PHPUnit 12. Update your test code to use attributes instead.

   WARN  Metadata found in doc-comment for method Tests\Feature\Authentication\Mutations\PasswordResetCompleteTest::invalid_token_returns_false(). Metadata in doc-comments is deprecated and will no longer be supported in PHPUnit 12. Update your test code to use attributes instead.

   WARN  Metadata found in doc-comment for method Tests\Feature\Authentication\Mutations\PasswordResetCompleteTest::expired_token_returns_invalid(). Metadata in doc-comments is deprecated and will no longer be supported in PHPUnit 12. Update your test code to use attributes instead.

   WARN  Metadata found in doc-comment for method Tests\Feature\Authentication\Mutations\PasswordResetCompleteTest::can_reset_with_token(). Metadata in doc-comments is deprecated and will no longer be supported in PHPUnit 12. Update your test code to use attributes instead.

   WARN  Metadata found in doc-comment for method Tests\Feature\Authentication\Mutations\PasswordResetCompleteTest::returns_access_token_after_reset(). Metadata in doc-comments is deprecated and will no longer be supported in PHPUnit 12. Update your test code to use attributes instead.

   WARN  Metadata found in doc-comment for method Tests\Feature\Authentication\Mutations\PasswordResetCompleteTest::auto_logs_in_user_after_reset(). Metadata in doc-comments is deprecated and will no longer be supported in PHPUnit 12. Update your test code to use attributes instead.

   WARN  Metadata found in doc-comment for method Tests\Feature\Authentication\Mutations\PasswordResetCompleteTest::invalidates_all_sessions_on_reset(). Metadata in doc-comments is deprecated and will no longer be supported in PHPUnit 12. Update your test code to use attributes instead.

   WARN  Metadata found in doc-comment for method Tests\Feature\Authentication\Mutations\PasswordResetCompleteTest::validates_token_exists(). Metadata in doc-comments is deprecated and will no longer be supported in PHPUnit 12. Update your test code to use attributes instead.

   WARN  Metadata found in doc-comment for method Tests\Feature\Authentication\Mutations\PasswordResetCompleteTest::validates_token_not_expired(). Metadata in doc-comments is deprecated and will no longer be supported in PHPUnit 12. Update your test code to use attributes instead.

   WARN  Metadata found in doc-comment for method Tests\Feature\Authentication\Mutations\PasswordResetCompleteTest::validates_password_requirements(). Metadata in doc-comments is deprecated and will no longer be supported in PHPUnit 12. Update your test code to use attributes instead.

   WARN  Metadata found in doc-comment for method Tests\Feature\Authentication\Mutations\PasswordResetCompleteTest::cannot_reuse_same_reset_token_twice(). Metadata in doc-comments is deprecated and will no longer be supported in PHPUnit 12. Update your test code to use attributes instead.

   WARN  Metadata found in doc-comment for method Tests\Feature\Authentication\Mutations\PasswordResetCompleteTest::can_reset_with_6_digit_code(). Metadata in doc-comments is deprecated and will no longer be supported in PHPUnit 12. Update your test code to use attributes instead.

   WARN  Metadata found in doc-comment for method Tests\Feature\Authentication\Mutations\PasswordResetCompleteTest::rejects_invalid_code_format(). Metadata in doc-comments is deprecated and will no longer be supported in PHPUnit 12. Update your test code to use attributes instead.

   WARN  Metadata found in doc-comment for method Tests\Feature\Authentication\Mutations\PasswordResetCompleteTest::rejects_wrong_code(). Metadata in doc-comments is deprecated and will no longer be supported in PHPUnit 12. Update your test code to use attributes instead.

   WARN  Metadata found in doc-comment for method Tests\Feature\Authentication\Mutations\PasswordResetCompleteTest::cannot_reuse_same_reset_code_twice(). Metadata in doc-comments is deprecated and will no longer be supported in PHPUnit 12. Update your test code to use attributes instead.

   WARN  Metadata found in doc-comment for method Tests\Feature\Authentication\Mutations\PasswordResetCompleteTest::validates_code_belongs_to_correct_user(). Metadata in doc-comments is deprecated and will no longer be supported in PHPUnit 12. Update your test code to use attributes instead.

   WARN  Metadata found in doc-comment for method Tests\Feature\Authentication\Mutations\PasswordResetCompleteTest::cannot_use_code_from_different_user(). Metadata in doc-comments is deprecated and will no longer be supported in PHPUnit 12. Update your test code to use attributes instead.

   WARN  Metadata found in doc-comment for method Tests\Feature\Authentication\Mutations\PasswordResetCompleteTest::multiple_users_can_reset_independently(). Metadata in doc-comments is deprecated and will no longer be supported in PHPUnit 12. Update your test code to use attributes instead.

   WARN  Metadata found in doc-comment for method Tests\Feature\Authentication\Mutations\PasswordResetCompleteTest::rejects_both_token_and_code_in_single_request(). Metadata in doc-comments is deprecated and will no longer be supported in PHPUnit 12. Update your test code to use attributes instead.

   WARN  Metadata found in doc-comment for method Tests\Feature\Authentication\Mutations\PasswordResetCompleteTest::password_reset_email_arrives_to_mailpit_with_token_and_code(). Metadata in doc-comments is deprecated and will no longer be supported in PHPUnit 12. Update your test code to use attributes instead.

   WARN  Metadata found in doc-comment for method Tests\Feature\Authentication\Mutations\PasswordResetCompleteTest::token_expires_after_24_hours(). Metadata in doc-comments is deprecated and will no longer be supported in PHPUnit 12. Update your test code to use attributes instead.

   WARN  Metadata found in doc-comment for method Tests\Feature\Authentication\Mutations\PasswordResetCompleteTest::password_requirements_are_enforced(). Metadata in doc-comments is deprecated and will no longer be supported in PHPUnit 12. Update your test code to use attributes instead.

   WARN  Metadata found in doc-comment for method Tests\Feature\Authentication\RevokeOtherSessionMutationTest::can_revoke_other_device_session_successfully(). Metadata in doc-comments is deprecated and will no longer be supported in PHPUnit 12. Update your test code to use attributes instead.

   WARN  Metadata found in doc-comment for method Tests\Feature\Authentication\RevokeOtherSessionMutationTest::cannot_revoke_current_session(). Metadata in doc-comments is deprecated and will no longer be supported in PHPUnit 12. Update your test code to use attributes instead.

   WARN  Metadata found in doc-comment for method Tests\Feature\Authentication\RevokeOtherSessionMutationTest::cannot_revoke_session_from_other_user(). Metadata in doc-comments is deprecated and will no longer be supported in PHPUnit 12. Update your test code to use attributes instead.

   WARN  Metadata found in doc-comment for method Tests\Feature\Authentication\RevokeOtherSessionMutationTest::cannot_revoke_non_existent_session(). Metadata in doc-comments is deprecated and will no longer be supported in PHPUnit 12. Update your test code to use attributes instead.

   WARN  Metadata found in doc-comment for method Tests\Feature\Authentication\RevokeOtherSessionMutationTest::cannot_revoke_already_revoked_session(). Metadata in doc-comments is deprecated and will no longer be supported in PHPUnit 12. Update your test code to use attributes instead.

   WARN  Metadata found in doc-comment for method Tests\Feature\Authentication\RevokeOtherSessionMutationTest::revoke_other_session_requires_jwt_authentication(). Metadata in doc-comments is deprecated and will no longer be supported in PHPUnit 12. Update your test code to use attributes instead.

   WARN  Metadata found in doc-comment for method Tests\Feature\Authentication\RevokeOtherSessionMutationTest::can_revoke_multiple_sessions_successively(). Metadata in doc-comments is deprecated and will no longer be supported in PHPUnit 12. Update your test code to use attributes instead.

   WARN  Metadata found in doc-comment for method Tests\Feature\Authentication\RevokeOtherSessionMutationTest::revoked_session_cannot_perform_actions(). Metadata in doc-comments is deprecated and will no longer be supported in PHPUnit 12. Update your test code to use attributes instead.

   WARN  Metadata found in doc-comment for method Tests\Feature\Authentication\RevokeOtherSessionMutationTest::revoke_session_in_real_world_scenario(). Metadata in doc-comments is deprecated and will no longer be supported in PHPUnit 12. Update your test code to use attributes instead.

   WARN  Metadata found in doc-comment for method Tests\Feature\Authentication\AuthStatusQueryTest::can_get_auth_status_with_valid_token(). Metadata in doc-comments is deprecated and will no longer be supported in PHPUnit 12. Update your test code to use attributes instead.

   WARN  Metadata found in doc-comment for method Tests\Feature\Authentication\AuthStatusQueryTest::can_get_auth_status_without_bearer_prefix(). Metadata in doc-comments is deprecated and will no longer be supported in PHPUnit 12. Update your test code to use attributes instead.

   WARN  Metadata found in doc-comment for method Tests\Feature\Authentication\AuthStatusQueryTest::auth_status_requires_jwt_authentication(). Metadata in doc-comments is deprecated and will no longer be supported in PHPUnit 12. Update your test code to use attributes instead.

   WARN  Metadata found in doc-comment for method Tests\Feature\Authentication\AuthStatusQueryTest::auth_status_works_without_refresh_token(). Metadata in doc-comments is deprecated and will no longer be supported in PHPUnit 12. Update your test code to use attributes instead.

   WARN  Metadata found in doc-comment for method Tests\Feature\Authentication\AuthStatusQueryTest::auth_status_shows_updated_info_after_refresh(). Metadata in doc-comments is deprecated and will no longer be supported in PHPUnit 12. Update your test code to use attributes instead.

   WARN  Metadata found in doc-comment for method Tests\Feature\Authentication\AuthStatusQueryTest::auth_status_fails_with_revoked_token_after_logout(). Metadata in doc-comments is deprecated and will no longer be supported in PHPUnit 12. Update your test code to use attributes instead.

   WARN  Metadata found in doc-comment for method Tests\Feature\Authentication\AuthStatusQueryTest::auth_status_shows_complete_profile_info(). Metadata in doc-comments is deprecated and will no longer be supported in PHPUnit 12. Update your test code to use attributes instead.

   WARN  Metadata found in doc-comment for method Tests\Feature\Authentication\AuthStatusQueryTest::auth_status_with_multiple_active_sessions(). Metadata in doc-comments is deprecated and will no longer be supported in PHPUnit 12. Update your test code to use attributes instead.

   WARN  Metadata found in doc-comment for method Tests\Feature\Authentication\MySessionsQueryTest::can_list_multiple_active_sessions(). Metadata in doc-comments is deprecated and will no longer be supported in PHPUnit 12. Update your test code to use attributes instead.

   WARN  Metadata found in doc-comment for method Tests\Feature\Authentication\MySessionsQueryTest::correctly_identifies_current_session(). Metadata in doc-comments is deprecated and will no longer be supported in PHPUnit 12. Update your test code to use attributes instead.

   WARN  Metadata found in doc-comment for method Tests\Feature\Authentication\MySessionsQueryTest::only_shows_active_sessions_not_revoked(). Metadata in doc-comments is deprecated and will no longer be supported in PHPUnit 12. Update your test code to use attributes instead.

   WARN  Metadata found in doc-comment for method Tests\Feature\Authentication\MySessionsQueryTest::my_sessions_requires_jwt_authentication(). Metadata in doc-comments is deprecated and will no longer be supported in PHPUnit 12. Update your test code to use attributes instead.

   WARN  Metadata found in doc-comment for method Tests\Feature\Authentication\MySessionsQueryTest::my_sessions_works_without_refresh_token(). Metadata in doc-comments is deprecated and will no longer be supported in PHPUnit 12. Update your test code to use attributes instead.

   WARN  Metadata found in doc-comment for method Tests\Feature\Authentication\MySessionsQueryTest::my_sessions_empty_after_logout_everywhere(). Metadata in doc-comments is deprecated and will no longer be supported in PHPUnit 12. Update your test code to use attributes instead.

   WARN  Metadata found in doc-comment for method Tests\Feature\Authentication\MySessionsQueryTest::my_sessions_after_single_logout(). Metadata in doc-comments is deprecated and will no longer be supported in PHPUnit 12. Update your test code to use attributes instead.

   WARN  Metadata found in doc-comment for method Tests\Feature\Authentication\MySessionsQueryTest::my_sessions_with_single_session(). Metadata in doc-comments is deprecated and will no longer be supported in PHPUnit 12. Update your test code to use attributes instead.

   WARN  Metadata found in doc-comment for method Tests\Feature\Authentication\MySessionsQueryTest::my_sessions_shows_complete_device_info(). Metadata in doc-comments is deprecated and will no longer be supported in PHPUnit 12. Update your test code to use attributes instead.

   WARN  Metadata found in doc-comment for method Tests\Feature\Authentication\MySessionsQueryTest::my_sessions_ordered_by_last_used_desc(). Metadata in doc-comments is deprecated and will no longer be supported in PHPUnit 12. Update your test code to use attributes instead.

   WARN  Metadata found in doc-comment for method Tests\Feature\Authentication\EmailVerificationCompleteFlowTest::complete_email_verification_flow_works_correctly(). Metadata in doc-comments is deprecated and will no longer be supported in PHPUnit 12. Update your test code to use attributes instead.

   WARN  Metadata found in doc-comment for method Tests\Feature\Authentication\EmailVerificationCompleteFlowTest::can_resend_verification_email_before_verifying(). Metadata in doc-comments is deprecated and will no longer be supported in PHPUnit 12. Update your test code to use attributes instead.

   WARN  Metadata found in doc-comment for method Tests\Feature\Authentication\EmailVerificationCompleteFlowTest::cannot_resend_verification_if_already_verified(). Metadata in doc-comments is deprecated and will no longer be supported in PHPUnit 12. Update your test code to use attributes instead.

   WARN  Metadata found in doc-comment for method Tests\Feature\Authentication\EmailVerificationCompleteFlowTest::cannot_verify_with_invalid_token(). Metadata in doc-comments is deprecated and will no longer be supported in PHPUnit 12. Update your test code to use attributes instead.

   WARN  Metadata found in doc-comment for method Tests\Feature\Authentication\EmailVerificationCompleteFlowTest::cannot_verify_with_expired_token(). Metadata in doc-comments is deprecated and will no longer be supported in PHPUnit 12. Update your test code to use attributes instead.

   WARN  Metadata found in doc-comment for method Tests\Feature\Authentication\EmailVerificationCompleteFlowTest::email_verification_status_requires_authentication(). Metadata in doc-comments is deprecated and will no longer be supported in PHPUnit 12. Update your test code to use attributes instead.

   WARN  Metadata found in doc-comment for method Tests\Feature\Authentication\EmailVerificationCompleteFlowTest::resend_verification_requires_authentication(). Metadata in doc-comments is deprecated and will no longer be supported in PHPUnit 12. Update your test code to use attributes instead.

   WARN  Metadata found in doc-comment for method Tests\Feature\Authentication\EmailVerificationCompleteFlowTest::verify_email_does_not_require_authentication(). Metadata in doc-comments is deprecated and will no longer be supported in PHPUnit 12. Update your test code to use attributes instead.

   WARN  Metadata found in doc-comment for method Tests\Feature\Authentication\EmailVerificationCompleteFlowTest::email_verification_status_returns_correct_information(). Metadata in doc-comments is deprecated and will no longer be supported in PHPUnit 12. Update your test code to use attributes instead.

   WARN  Metadata found in doc-comment for method Tests\Feature\Authentication\EmailVerificationCompleteFlowTest::verification_email_arrives_to_mailpit(). Metadata in doc-comments is deprecated and will no longer be supported in PHPUnit 12. Update your test code to use attributes instead.

   WARN  Metadata found in doc-comment for method Tests\Feature\Authentication\RefreshTokenAndLogoutTest::can_refresh_access_token_with_valid_refresh_token(). Metadata in doc-comments is deprecated and will no longer be supported in PHPUnit 12. Update your test code to use attributes instead.

   WARN  Metadata found in doc-comment for method Tests\Feature\Authentication\RefreshTokenAndLogoutTest::refresh_token_invalidates_previous_token(). Metadata in doc-comments is deprecated and will no longer be supported in PHPUnit 12. Update your test code to use attributes instead.

   WARN  Metadata found in doc-comment for method Tests\Feature\Authentication\RefreshTokenAndLogoutTest::refresh_token_requires_refresh_token_cookie_or_header(). Metadata in doc-comments is deprecated and will no longer be supported in PHPUnit 12. Update your test code to use attributes instead.

   WARN  Metadata found in doc-comment for method Tests\Feature\Authentication\RefreshTokenAndLogoutTest::logout_invalidates_current_session_only(). Metadata in doc-comments is deprecated and will no longer be supported in PHPUnit 12. Update your test code to use attributes instead.

   WARN  Metadata found in doc-comment for method Tests\Feature\Authentication\RefreshTokenAndLogoutTest::logout_everywhere_invalidates_all_sessions(). Metadata in doc-comments is deprecated and will no longer be supported in PHPUnit 12. Update your test code to use attributes instead.

   WARN  Metadata found in doc-comment for method Tests\Feature\Authentication\RefreshTokenAndLogoutTest::logout_requires_jwt_authentication(). Metadata in doc-comments is deprecated and will no longer be supported in PHPUnit 12. Update your test code to use attributes instead.

   WARN  Metadata found in doc-comment for method Tests\Feature\Authentication\RefreshTokenAndLogoutTest::logout_without_refresh_token_only_blacklists_access_token(). Metadata in doc-comments is deprecated and will no longer be supported in PHPUnit 12. Update your test code to use attributes instead.

   WARN  Metadata found in doc-comment for method Tests\Feature\Authentication\RefreshTokenAndLogoutTest::logout_default_behavior_is_current_session_only(). Metadata in doc-comments is deprecated and will no longer be supported in PHPUnit 12. Update your test code to use attributes instead.

   WARN  Metadata found in doc-comment for method Tests\Feature\Authentication\RefreshTokenAndLogoutTest::cannot_refresh_token_after_logout(). Metadata in doc-comments is deprecated and will no longer be supported in PHPUnit 12. Update your test code to use attributes instead.

   WARN  Metadata found in doc-comment for method Tests\Feature\Authentication\RefreshTokenAndLogoutTest::refresh_token_rotation_is_thread_safe(). Metadata in doc-comments is deprecated and will no longer be supported in PHPUnit 12. Update your test code to use attributes instead.

   WARN  Metadata found in doc-comment for method Tests\Feature\Authentication\RefreshTokenControllerTest::can_refresh_access_token_with_valid_refresh_token_cookie(). Metadata in doc-comments is deprecated and will no longer be supported in PHPUnit 12. Update your test code to use attributes instead.

   WARN  Metadata found in doc-comment for method Tests\Feature\Authentication\RefreshTokenControllerTest::refresh_token_endpoint_rejects_invalid_refresh_token(). Metadata in doc-comments is deprecated and will no longer be supported in PHPUnit 12. Update your test code to use attributes instead.

   WARN  Metadata found in doc-comment for method Tests\Feature\Authentication\RefreshTokenControllerTest::refresh_token_endpoint_requires_refresh_token_cookie(). Metadata in doc-comments is deprecated and will no longer be supported in PHPUnit 12. Update your test code to use attributes instead.

   WARN  Metadata found in doc-comment for method Tests\Feature\Authentication\RefreshTokenControllerTest::refresh_token_endpoint_rejects_expired_refresh_token(). Metadata in doc-comments is deprecated and will no longer be supported in PHPUnit 12. Update your test code to use attributes instead.

   WARN  Metadata found in doc-comment for method Tests\Feature\Authentication\RefreshTokenControllerTest::refresh_token_endpoint_rejects_revoked_refresh_token(). Metadata in doc-comments is deprecated and will no longer be supported in PHPUnit 12. Update your test code to use attributes instead.

   WARN  Metadata found in doc-comment for method Tests\Feature\Authentication\RefreshTokenControllerTest::refresh_token_endpoint_detects_device_information(). Metadata in doc-comments is deprecated and will no longer be supported in PHPUnit 12. Update your test code to use attributes instead.

   WARN  Metadata found in doc-comment for method Tests\Feature\Authentication\RefreshTokenControllerTest::refresh_token_rotation_prevents_token_reuse(). Metadata in doc-comments is deprecated and will no longer be supported in PHPUnit 12. Update your test code to use attributes instead.

   WARN  Metadata found in doc-comment for method Tests\Feature\Authentication\RefreshTokenControllerTest::refresh_token_endpoint_rejects_suspended_user(). Metadata in doc-comments is deprecated and will no longer be supported in PHPUnit 12. Update your test code to use attributes instead.

   WARN  Metadata found in doc-comment for method Tests\Feature\Authentication\RefreshTokenControllerTest::refresh_token_endpoint_sets_secure_cookie(). Metadata in doc-comments is deprecated and will no longer be supported in PHPUnit 12. Update your test code to use attributes instead.

   WARN  Metadata found in doc-comment for method Tests\Feature\CompanyManagement\Controllers\CompanyControllerCreateTest::platform_admin_can_create_company_directly(). Metadata in doc-comments is deprecated and will no longer be supported in PHPUnit 12. Update your test code to use attributes instead.

   WARN  Metadata found in doc-comment for method Tests\Feature\CompanyManagement\Controllers\CompanyControllerCreateTest::creates_company_with_complete_data(). Metadata in doc-comments is deprecated and will no longer be supported in PHPUnit 12. Update your test code to use attributes instead.

   WARN  Metadata found in doc-comment for method Tests\Feature\CompanyManagement\Controllers\CompanyControllerCreateTest::assigns_company_admin_role_to_admin_user(). Metadata in doc-comments is deprecated and will no longer be supported in PHPUnit 12. Update your test code to use attributes instead.

   WARN  Metadata found in doc-comment for method Tests\Feature\CompanyManagement\Controllers\CompanyControllerCreateTest::returns_created_company(). Metadata in doc-comments is deprecated and will no longer be supported in PHPUnit 12. Update your test code to use attributes instead.

   WARN  Metadata found in doc-comment for method Tests\Feature\CompanyManagement\Controllers\CompanyControllerCreateTest::nonexistent_admin_user_throws_admin_user_not_found_error(). Metadata in doc-comments is deprecated and will no longer be supported in PHPUnit 12. Update your test code to use attributes instead.

   WARN  Metadata found in doc-comment for method Tests\Feature\CompanyManagement\Controllers\CompanyControllerCreateTest::company_admin_cannot_create_company(). Metadata in doc-comments is deprecated and will no longer be supported in PHPUnit 12. Update your test code to use attributes instead.

   WARN  Metadata found in doc-comment for method Tests\Feature\CompanyManagement\Controllers\CompanyControllerCreateTest::user_cannot_create_company(). Metadata in doc-comments is deprecated and will no longer be supported in PHPUnit 12. Update your test code to use attributes instead.

   WARN  Metadata found in doc-comment for method Tests\Feature\CompanyManagement\Controllers\CompanyControllerCreateTest::generates_unique_company_code(). Metadata in doc-comments is deprecated and will no longer be supported in PHPUnit 12. Update your test code to use attributes instead.

   WARN  Metadata found in doc-comment for method Tests\Feature\CompanyManagement\Controllers\CompanyControllerCreateTest::validates_optional_contact_info_fields(). Metadata in doc-comments is deprecated and will no longer be supported in PHPUnit 12. Update your test code to use attributes instead.

   WARN  Metadata found in doc-comment for method Tests\Feature\CompanyManagement\Controllers\CompanyControllerCreateTest::unauthenticated_user_receives_error(). Metadata in doc-comments is deprecated and will no longer be supported in PHPUnit 12. Update your test code to use attributes instead.

   WARN  Metadata found in doc-comment for method Tests\Feature\CompanyManagement\Controllers\CompanyControllerIndexTest::context_minimal_returns_only_4_fields(). Metadata in doc-comments is deprecated and will no longer be supported in PHPUnit 12. Update your test code to use attributes instead.

   WARN  Metadata found in doc-comment for method Tests\Feature\CompanyManagement\Controllers\CompanyControllerIndexTest::context_explore_returns_11_fields_plus_is_followed_by_me(). Metadata in doc-comments is deprecated and will no longer be supported in PHPUnit 12. Update your test code to use attributes instead.

   WARN  Metadata found in doc-comment for method Tests\Feature\CompanyManagement\Controllers\CompanyControllerIndexTest::context_management_returns_all_fields(). Metadata in doc-comments is deprecated and will no longer be supported in PHPUnit 12. Update your test code to use attributes instead.

   WARN  Metadata found in doc-comment for method Tests\Feature\CompanyManagement\Controllers\CompanyControllerIndexTest::filter_by_status_works(). Metadata in doc-comments is deprecated and will no longer be supported in PHPUnit 12. Update your test code to use attributes instead.

   WARN  Metadata found in doc-comment for method Tests\Feature\CompanyManagement\Controllers\CompanyControllerIndexTest::filter_by_country_works(). Metadata in doc-comments is deprecated and will no longer be supported in PHPUnit 12. Update your test code to use attributes instead.

   WARN  Metadata found in doc-comment for method Tests\Feature\CompanyManagement\Controllers\CompanyControllerIndexTest::filter_followed_by_me_returns_only_followed_companies(). Metadata in doc-comments is deprecated and will no longer be supported in PHPUnit 12. Update your test code to use attributes instead.

   WARN  Metadata found in doc-comment for method Tests\Feature\CompanyManagement\Controllers\CompanyControllerIndexTest::search_by_name_works(). Metadata in doc-comments is deprecated and will no longer be supported in PHPUnit 12. Update your test code to use attributes instead.

   WARN  Metadata found in doc-comment for method Tests\Feature\CompanyManagement\Controllers\CompanyControllerIndexTest::pagination_works_correctly(). Metadata in doc-comments is deprecated and will no longer be supported in PHPUnit 12. Update your test code to use attributes instead.

   WARN  Metadata found in doc-comment for method Tests\Feature\CompanyManagement\Controllers\CompanyControllerIndexTest::has_next_page_is_true_when_more_pages_exist(). Metadata in doc-comments is deprecated and will no longer be supported in PHPUnit 12. Update your test code to use attributes instead.

   WARN  Metadata found in doc-comment for method Tests\Feature\CompanyManagement\Controllers\CompanyControllerIndexTest::has_next_page_is_false_when_no_more_pages(). Metadata in doc-comments is deprecated and will no longer be supported in PHPUnit 12. Update your test code to use attributes instead.

   WARN  Metadata found in doc-comment for method Tests\Feature\CompanyManagement\Controllers\CompanyControllerIndexTest::is_followed_by_me_is_true_for_followed_companies_in_explore_context(). Metadata in doc-comments is deprecated and will no longer be supported in PHPUnit 12. Update your test code to use attributes instead.

   WARN  Metadata found in doc-comment for method Tests\Feature\CompanyManagement\Controllers\CompanyControllerIndexTest::is_followed_by_me_is_false_for_non_followed_companies(). Metadata in doc-comments is deprecated and will no longer be supported in PHPUnit 12. Update your test code to use attributes instead.

   WARN  Metadata found in doc-comment for method Tests\Feature\CompanyManagement\Controllers\CompanyControllerIndexTest::unauthenticated_user_can_access_minimal_context(). Metadata in doc-comments is deprecated and will no longer be supported in PHPUnit 12. Update your test code to use attributes instead.

   WARN  Metadata found in doc-comment for method Tests\Feature\CompanyManagement\Controllers\CompanyControllerIndexTest::unauthenticated_user_cannot_access_explore_context(). Metadata in doc-comments is deprecated and will no longer be supported in PHPUnit 12. Update your test code to use attributes instead.

   WARN  Metadata found in doc-comment for method Tests\Feature\CompanyManagement\Controllers\CompanyControllerShowTest::authenticated_user_can_view_company(). Metadata in doc-comments is deprecated and will no longer be supported in PHPUnit 12. Update your test code to use attributes instead.

   WARN  Metadata found in doc-comment for method Tests\Feature\CompanyManagement\Controllers\CompanyControllerShowTest::unauthenticated_user_cannot_view_company(). Metadata in doc-comments is deprecated and will no longer be supported in PHPUnit 12. Update your test code to use attributes instead.

   WARN  Metadata found in doc-comment for method Tests\Feature\CompanyManagement\Controllers\CompanyControllerShowTest::returns_404_for_nonexistent_company(). Metadata in doc-comments is deprecated and will no longer be supported in PHPUnit 12. Update your test code to use attributes instead.

   WARN  Metadata found in doc-comment for method Tests\Feature\CompanyManagement\Controllers\CompanyControllerShowTest::platform_admin_can_view_any_company(). Metadata in doc-comments is deprecated and will no longer be supported in PHPUnit 12. Update your test code to use attributes instead.

   WARN  Metadata found in doc-comment for method Tests\Feature\CompanyManagement\Controllers\CompanyControllerShowTest::company_admin_can_view_own_company(). Metadata in doc-comments is deprecated and will no longer be supported in PHPUnit 12. Update your test code to use attributes instead.

   WARN  Metadata found in doc-comment for method Tests\Feature\CompanyManagement\Controllers\CompanyControllerShowTest::agent_can_view_their_company(). Metadata in doc-comments is deprecated and will no longer be supported in PHPUnit 12. Update your test code to use attributes instead.

   WARN  Metadata found in doc-comment for method Tests\Feature\CompanyManagement\Controllers\CompanyControllerShowTest::user_can_view_active_company(). Metadata in doc-comments is deprecated and will no longer be supported in PHPUnit 12. Update your test code to use attributes instead.

   WARN  Metadata found in doc-comment for method Tests\Feature\CompanyManagement\Controllers\CompanyControllerShowTest::returns_all_fields_of_company_type(). Metadata in doc-comments is deprecated and will no longer be supported in PHPUnit 12. Update your test code to use attributes instead.

   WARN  Metadata found in doc-comment for method Tests\Feature\CompanyManagement\Controllers\CompanyControllerShowTest::is_followed_by_me_is_true_when_user_follows_company(). Metadata in doc-comments is deprecated and will no longer be supported in PHPUnit 12. Update your test code to use attributes instead.

   WARN  Metadata found in doc-comment for method Tests\Feature\CompanyManagement\Controllers\CompanyControllerShowTest::is_followed_by_me_is_false_when_user_does_not_follow_company(). Metadata in doc-comments is deprecated and will no longer be supported in PHPUnit 12. Update your test code to use attributes instead.

   WARN  Metadata found in doc-comment for method Tests\Feature\CompanyManagement\Controllers\CompanyControllerUpdateTest::platform_admin_can_update_any_company(). Metadata in doc-comments is deprecated and will no longer be supported in PHPUnit 12. Update your test code to use attributes instead.

   WARN  Metadata found in doc-comment for method Tests\Feature\CompanyManagement\Controllers\CompanyControllerUpdateTest::company_admin_can_update_own_company(). Metadata in doc-comments is deprecated and will no longer be supported in PHPUnit 12. Update your test code to use attributes instead.

   WARN  Metadata found in doc-comment for method Tests\Feature\CompanyManagement\Controllers\CompanyControllerUpdateTest::company_admin_cannot_update_another_company(). Metadata in doc-comments is deprecated and will no longer be supported in PHPUnit 12. Update your test code to use attributes instead.

   WARN  Metadata found in doc-comment for method Tests\Feature\CompanyManagement\Controllers\CompanyControllerUpdateTest::agent_cannot_update_company(). Metadata in doc-comments is deprecated and will no longer be supported in PHPUnit 12. Update your test code to use attributes instead.

   WARN  Metadata found in doc-comment for method Tests\Feature\CompanyManagement\Controllers\CompanyControllerUpdateTest::user_cannot_update_company(). Metadata in doc-comments is deprecated and will no longer be supported in PHPUnit 12. Update your test code to use attributes instead.

   WARN  Metadata found in doc-comment for method Tests\Feature\CompanyManagement\Controllers\CompanyControllerUpdateTest::updates_basic_fields(). Metadata in doc-comments is deprecated and will no longer be supported in PHPUnit 12. Update your test code to use attributes instead.

   WARN  Metadata found in doc-comment for method Tests\Feature\CompanyManagement\Controllers\CompanyControllerUpdateTest::updates_contact_info(). Metadata in doc-comments is deprecated and will no longer be supported in PHPUnit 12. Update your test code to use attributes instead.

   WARN  Metadata found in doc-comment for method Tests\Feature\CompanyManagement\Controllers\CompanyControllerUpdateTest::updates_config_business_hours_and_timezone(). Metadata in doc-comments is deprecated and will no longer be supported in PHPUnit 12. Update your test code to use attributes instead.

   WARN  Metadata found in doc-comment for method Tests\Feature\CompanyManagement\Controllers\CompanyControllerUpdateTest::updates_branding(). Metadata in doc-comments is deprecated and will no longer be supported in PHPUnit 12. Update your test code to use attributes instead.

   WARN  Metadata found in doc-comment for method Tests\Feature\CompanyManagement\Controllers\CompanyControllerUpdateTest::nonexistent_company_throws_error(). Metadata in doc-comments is deprecated and will no longer be supported in PHPUnit 12. Update your test code to use attributes instead.

   WARN  Metadata found in doc-comment for method Tests\Feature\CompanyManagement\Controllers\CompanyControllerUpdateTest::returns_updated_company(). Metadata in doc-comments is deprecated and will no longer be supported in PHPUnit 12. Update your test code to use attributes instead.

   WARN  Metadata found in doc-comment for method Tests\Feature\CompanyManagement\Controllers\CompanyControllerUpdateTest::unauthenticated_user_receives_error(). Metadata in doc-comments is deprecated and will no longer be supported in PHPUnit 12. Update your test code to use attributes instead.

   WARN  Metadata found in doc-comment for method Tests\Feature\CompanyManagement\Controllers\CompanyFollowerControllerFollowTest::user_can_follow_active_company_successfully(). Metadata in doc-comments is deprecated and will no longer be supported in PHPUnit 12. Update your test code to use attributes instead.

   WARN  Metadata found in doc-comment for method Tests\Feature\CompanyManagement\Controllers\CompanyFollowerControllerFollowTest::returns_company_follow_result_with_all_fields(). Metadata in doc-comments is deprecated and will no longer be supported in PHPUnit 12. Update your test code to use attributes instead.

   WARN  Metadata found in doc-comment for method Tests\Feature\CompanyManagement\Controllers\CompanyFollowerControllerFollowTest::cannot_follow_company_already_following(). Metadata in doc-comments is deprecated and will no longer be supported in PHPUnit 12. Update your test code to use attributes instead.

   WARN  Metadata found in doc-comment for method Tests\Feature\CompanyManagement\Controllers\CompanyFollowerControllerFollowTest::cannot_follow_suspended_company(). Metadata in doc-comments is deprecated and will no longer be supported in PHPUnit 12. Update your test code to use attributes instead.

   WARN  Metadata found in doc-comment for method Tests\Feature\CompanyManagement\Controllers\CompanyFollowerControllerFollowTest::cannot_exceed_max_follows_limit_of_50(). Metadata in doc-comments is deprecated and will no longer be supported in PHPUnit 12. Update your test code to use attributes instead.

   WARN  Metadata found in doc-comment for method Tests\Feature\CompanyManagement\Controllers\CompanyFollowerControllerFollowTest::nonexistent_company_returns_404(). Metadata in doc-comments is deprecated and will no longer be supported in PHPUnit 12. Update your test code to use attributes instead.

   WARN  Metadata found in doc-comment for method Tests\Feature\CompanyManagement\Controllers\CompanyFollowerControllerFollowTest::unauthenticated_user_cannot_follow_company(). Metadata in doc-comments is deprecated and will no longer be supported in PHPUnit 12. Update your test code to use attributes instead.

   WARN  Metadata found in doc-comment for method Tests\Feature\CompanyManagement\Controllers\CompanyFollowerControllerFollowTest::followers_count_increases_by_one(). Metadata in doc-comments is deprecated and will no longer be supported in PHPUnit 12. Update your test code to use attributes instead.

   WARN  Metadata found in doc-comment for method Tests\Feature\CompanyManagement\Controllers\CompanyFollowerControllerFollowTest::followed_at_timestamp_is_recorded(). Metadata in doc-comments is deprecated and will no longer be supported in PHPUnit 12. Update your test code to use attributes instead.

   WARN  Metadata found in doc-comment for method Tests\Feature\CompanyManagement\Controllers\CompanyFollowerControllerFollowedTest::returns_empty_list_when_user_follows_no_companies(). Metadata in doc-comments is deprecated and will no longer be supported in PHPUnit 12. Update your test code to use attributes instead.

   WARN  Metadata found in doc-comment for method Tests\Feature\CompanyManagement\Controllers\CompanyFollowerControllerFollowedTest::returns_followed_companies_with_metadata(). Metadata in doc-comments is deprecated and will no longer be supported in PHPUnit 12. Update your test code to use attributes instead.

   WARN  Metadata found in doc-comment for method Tests\Feature\CompanyManagement\Controllers\CompanyFollowerControllerFollowedTest::unauthenticated_user_receives_error(). Metadata in doc-comments is deprecated and will no longer be supported in PHPUnit 12. Update your test code to use attributes instead.

   WARN  Metadata found in doc-comment for method Tests\Feature\CompanyManagement\Controllers\CompanyFollowerControllerFollowedTest::returns_companies_in_followed_at_desc_order(). Metadata in doc-comments is deprecated and will no longer be supported in PHPUnit 12. Update your test code to use attributes instead.

   WARN  Metadata found in doc-comment for method Tests\Feature\CompanyManagement\Controllers\CompanyFollowerControllerFollowedTest::includes_all_required_fields(). Metadata in doc-comments is deprecated and will no longer be supported in PHPUnit 12. Update your test code to use attributes instead.

   WARN  Metadata found in doc-comment for method Tests\Feature\CompanyManagement\Controllers\CompanyFollowerControllerFollowedTest::does_not_return_companies_followed_by_other_users(). Metadata in doc-comments is deprecated and will no longer be supported in PHPUnit 12. Update your test code to use attributes instead.

   WARN  Metadata found in doc-comment for method Tests\Feature\CompanyManagement\Controllers\CompanyFollowerControllerIsFollowingTest::returns_true_when_user_is_following_company(). Metadata in doc-comments is deprecated and will no longer be supported in PHPUnit 12. Update your test code to use attributes instead.

   WARN  Metadata found in doc-comment for method Tests\Feature\CompanyManagement\Controllers\CompanyFollowerControllerIsFollowingTest::returns_false_when_user_is_not_following_company(). Metadata in doc-comments is deprecated and will no longer be supported in PHPUnit 12. Update your test code to use attributes instead.

   WARN  Metadata found in doc-comment for method Tests\Feature\CompanyManagement\Controllers\CompanyFollowerControllerIsFollowingTest::unauthenticated_user_receives_error(). Metadata in doc-comments is deprecated and will no longer be supported in PHPUnit 12. Update your test code to use attributes instead.

   WARN  Metadata found in doc-comment for method Tests\Feature\CompanyManagement\Controllers\CompanyFollowerControllerIsFollowingTest::nonexistent_company_throws_company_not_found_error(). Metadata in doc-comments is deprecated and will no longer be supported in PHPUnit 12. Update your test code to use attributes instead.

   WARN  Metadata found in doc-comment for method Tests\Feature\CompanyManagement\Controllers\CompanyFollowerControllerIsFollowingTest::returns_false_when_following_different_company(). Metadata in doc-comments is deprecated and will no longer be supported in PHPUnit 12. Update your test code to use attributes instead.

   WARN  Metadata found in doc-comment for method Tests\Feature\CompanyManagement\Controllers\CompanyFollowerControllerIsFollowingTest::different_users_have_independent_follow_status(). Metadata in doc-comments is deprecated and will no longer be supported in PHPUnit 12. Update your test code to use attributes instead.

   WARN  Metadata found in doc-comment for method Tests\Feature\CompanyManagement\Controllers\CompanyFollowerControllerUnfollowTest::user_can_unfollow_company_successfully(). Metadata in doc-comments is deprecated and will no longer be supported in PHPUnit 12. Update your test code to use attributes instead.

   WARN  Metadata found in doc-comment for method Tests\Feature\CompanyManagement\Controllers\CompanyFollowerControllerUnfollowTest::returns_success_true_on_success(). Metadata in doc-comments is deprecated and will no longer be supported in PHPUnit 12. Update your test code to use attributes instead.

   WARN  Metadata found in doc-comment for method Tests\Feature\CompanyManagement\Controllers\CompanyFollowerControllerUnfollowTest::cannot_unfollow_company_not_following(). Metadata in doc-comments is deprecated and will no longer be supported in PHPUnit 12. Update your test code to use attributes instead.

   WARN  Metadata found in doc-comment for method Tests\Feature\CompanyManagement\Controllers\CompanyFollowerControllerUnfollowTest::nonexistent_company_returns_404(). Metadata in doc-comments is deprecated and will no longer be supported in PHPUnit 12. Update your test code to use attributes instead.

   WARN  Metadata found in doc-comment for method Tests\Feature\CompanyManagement\Controllers\CompanyFollowerControllerUnfollowTest::unauthenticated_user_receives_401(). Metadata in doc-comments is deprecated and will no longer be supported in PHPUnit 12. Update your test code to use attributes instead.

   WARN  Metadata found in doc-comment for method Tests\Feature\CompanyManagement\Controllers\CompanyFollowerControllerUnfollowTest::followers_count_decreases_by_one(). Metadata in doc-comments is deprecated and will no longer be supported in PHPUnit 12. Update your test code to use attributes instead.

   WARN  Metadata found in doc-comment for method Tests\Feature\CompanyManagement\Controllers\CompanyFollowerControllerUnfollowTest::can_follow_again_after_unfollowing(). Metadata in doc-comments is deprecated and will no longer be supported in PHPUnit 12. Update your test code to use attributes instead.

   WARN  Metadata found in doc-comment for method Tests\Feature\CompanyManagement\Controllers\CompanyRequestAdminControllerApproveTest::platform_admin_can_approve_request(). Metadata in doc-comments is deprecated and will no longer be supported in PHPUnit 12. Update your test code to use attributes instead.

   WARN  Metadata found in doc-comment for method Tests\Feature\CompanyManagement\Controllers\CompanyRequestAdminControllerApproveTest::creates_company_correctly(). Metadata in doc-comments is deprecated and will no longer be supported in PHPUnit 12. Update your test code to use attributes instead.

   WARN  Metadata found in doc-comment for method Tests\Feature\CompanyManagement\Controllers\CompanyRequestAdminControllerApproveTest::creates_admin_user_if_not_exists(). Metadata in doc-comments is deprecated and will no longer be supported in PHPUnit 12. Update your test code to use attributes instead.

   WARN  Metadata found in doc-comment for method Tests\Feature\CompanyManagement\Controllers\CompanyRequestAdminControllerApproveTest::assigns_company_admin_role_to_user(). Metadata in doc-comments is deprecated and will no longer be supported in PHPUnit 12. Update your test code to use attributes instead.

   WARN  Metadata found in doc-comment for method Tests\Feature\CompanyManagement\Controllers\CompanyRequestAdminControllerApproveTest::marks_request_as_approved(). Metadata in doc-comments is deprecated and will no longer be supported in PHPUnit 12. Update your test code to use attributes instead.

   WARN  Metadata found in doc-comment for method Tests\Feature\CompanyManagement\Controllers\CompanyRequestAdminControllerApproveTest::nonexistent_request_returns_404(). Metadata in doc-comments is deprecated and will no longer be supported in PHPUnit 12. Update your test code to use attributes instead.

   WARN  Metadata found in doc-comment for method Tests\Feature\CompanyManagement\Controllers\CompanyRequestAdminControllerApproveTest::non_pending_request_returns_422(). Metadata in doc-comments is deprecated and will no longer be supported in PHPUnit 12. Update your test code to use attributes instead.

   WARN  Metadata found in doc-comment for method Tests\Feature\CompanyManagement\Controllers\CompanyRequestAdminControllerApproveTest::company_admin_cannot_approve(). Metadata in doc-comments is deprecated and will no longer be supported in PHPUnit 12. Update your test code to use attributes instead.

   WARN  Metadata found in doc-comment for method Tests\Feature\CompanyManagement\Controllers\CompanyRequestAdminControllerApproveTest::user_cannot_approve(). Metadata in doc-comments is deprecated and will no longer be supported in PHPUnit 12. Update your test code to use attributes instead.

   WARN  Metadata found in doc-comment for method Tests\Feature\CompanyManagement\Controllers\CompanyRequestAdminControllerApproveTest::unauthenticated_user_receives_401(). Metadata in doc-comments is deprecated and will no longer be supported in PHPUnit 12. Update your test code to use attributes instead.

   WARN  Metadata found in doc-comment for method Tests\Feature\CompanyManagement\Controllers\CompanyRequestAdminControllerApproveTest::returns_created_company_with_all_fields(). Metadata in doc-comments is deprecated and will no longer be supported in PHPUnit 12. Update your test code to use attributes instead.

   WARN  Metadata found in doc-comment for method Tests\Feature\CompanyManagement\Controllers\CompanyRequestAdminControllerApproveTest::uses_existing_user_if_email_already_exists(). Metadata in doc-comments is deprecated and will no longer be supported in PHPUnit 12. Update your test code to use attributes instead.

   WARN  Metadata found in doc-comment for method Tests\Feature\CompanyManagement\Controllers\CompanyRequestAdminControllerApproveTest::sends_approval_email_when_user_already_exists(). Metadata in doc-comments is deprecated and will no longer be supported in PHPUnit 12. Update your test code to use attributes instead.

   WARN  Metadata found in doc-comment for method Tests\Feature\CompanyManagement\Controllers\CompanyRequestAdminControllerApproveTest::sends_approval_email_with_temporary_password_for_new_user(). Metadata in doc-comments is deprecated and will no longer be supported in PHPUnit 12. Update your test code to use attributes instead.

   WARN  Metadata found in doc-comment for method Tests\Feature\CompanyManagement\Controllers\CompanyRequestAdminControllerApproveTest::new_user_can_login_with_temporary_password(). Metadata in doc-comments is deprecated and will no longer be supported in PHPUnit 12. Update your test code to use attributes instead.

   WARN  Metadata found in doc-comment for method Tests\Feature\CompanyManagement\Controllers\CompanyRequestAdminControllerApproveTest::approval_email_arrives_to_mailpit_for_existing_user(). Metadata in doc-comments is deprecated and will no longer be supported in PHPUnit 12. Update your test code to use attributes instead.

   WARN  Metadata found in doc-comment for method Tests\Feature\CompanyManagement\Controllers\CompanyRequestAdminControllerApproveTest::approval_email_arrives_to_mailpit_for_new_user_with_temp_password(). Metadata in doc-comments is deprecated and will no longer be supported in PHPUnit 12. Update your test code to use attributes instead.

   WARN  Metadata found in doc-comment for method Tests\Feature\CompanyManagement\Controllers\CompanyRequestAdminControllerApproveTest::temporary_password_expires_after_configured_time(). Metadata in doc-comments is deprecated and will no longer be supported in PHPUnit 12. Update your test code to use attributes instead.

   WARN  Metadata found in doc-comment for method Tests\Feature\CompanyManagement\Controllers\CompanyRequestAdminControllerApproveTest::multiple_companies_can_be_approved_without_email_conflicts(). Metadata in doc-comments is deprecated and will no longer be supported in PHPUnit 12. Update your test code to use attributes instead.

   WARN  Metadata found in doc-comment for method Tests\Feature\CompanyManagement\Controllers\CompanyRequestAdminControllerRejectTest::platform_admin_can_reject_request(). Metadata in doc-comments is deprecated and will no longer be supported in PHPUnit 12. Update your test code to use attributes instead.

   WARN  Metadata found in doc-comment for method Tests\Feature\CompanyManagement\Controllers\CompanyRequestAdminControllerRejectTest::marks_request_as_rejected(). Metadata in doc-comments is deprecated and will no longer be supported in PHPUnit 12. Update your test code to use attributes instead.

   WARN  Metadata found in doc-comment for method Tests\Feature\CompanyManagement\Controllers\CompanyRequestAdminControllerRejectTest::saves_rejection_reason(). Metadata in doc-comments is deprecated and will no longer be supported in PHPUnit 12. Update your test code to use attributes instead.

   WARN  Metadata found in doc-comment for method Tests\Feature\CompanyManagement\Controllers\CompanyRequestAdminControllerRejectTest::returns_true_on_success(). Metadata in doc-comments is deprecated and will no longer be supported in PHPUnit 12. Update your test code to use attributes instead.

   WARN  Metadata found in doc-comment for method Tests\Feature\CompanyManagement\Controllers\CompanyRequestAdminControllerRejectTest::nonexistent_request_returns_404(). Metadata in doc-comments is deprecated and will no longer be supported in PHPUnit 12. Update your test code to use attributes instead.

   WARN  Metadata found in doc-comment for method Tests\Feature\CompanyManagement\Controllers\CompanyRequestAdminControllerRejectTest::non_pending_request_returns_422(). Metadata in doc-comments is deprecated and will no longer be supported in PHPUnit 12. Update your test code to use attributes instead.

   WARN  Metadata found in doc-comment for method Tests\Feature\CompanyManagement\Controllers\CompanyRequestAdminControllerRejectTest::company_admin_cannot_reject(). Metadata in doc-comments is deprecated and will no longer be supported in PHPUnit 12. Update your test code to use attributes instead.

   WARN  Metadata found in doc-comment for method Tests\Feature\CompanyManagement\Controllers\CompanyRequestAdminControllerRejectTest::user_cannot_reject(). Metadata in doc-comments is deprecated and will no longer be supported in PHPUnit 12. Update your test code to use attributes instead.

   WARN  Metadata found in doc-comment for method Tests\Feature\CompanyManagement\Controllers\CompanyRequestAdminControllerRejectTest::reason_is_required(). Metadata in doc-comments is deprecated and will no longer be supported in PHPUnit 12. Update your test code to use attributes instead.

   WARN  Metadata found in doc-comment for method Tests\Feature\CompanyManagement\Controllers\CompanyRequestAdminControllerRejectTest::unauthenticated_user_receives_401(). Metadata in doc-comments is deprecated and will no longer be supported in PHPUnit 12. Update your test code to use attributes instead.

   WARN  Metadata found in doc-comment for method Tests\Feature\CompanyManagement\Controllers\CompanyRequestAdminControllerRejectTest::sends_rejection_email_with_reason(). Metadata in doc-comments is deprecated and will no longer be supported in PHPUnit 12. Update your test code to use attributes instead.

   WARN  Metadata found in doc-comment for method Tests\Feature\CompanyManagement\Controllers\CompanyRequestAdminControllerRejectTest::rejection_email_arrives_to_mailpit(). Metadata in doc-comments is deprecated and will no longer be supported in PHPUnit 12. Update your test code to use attributes instead.

   WARN  Metadata found in doc-comment for method Tests\Feature\CompanyManagement\Controllers\CompanyRequestAdminControllerRejectTest::multiple_rejections_send_separate_emails(). Metadata in doc-comments is deprecated and will no longer be supported in PHPUnit 12. Update your test code to use attributes instead.

   WARN  Metadata found in doc-comment for method Tests\Feature\CompanyManagement\Controllers\CompanyRequestAdminControllerRejectTest::does_not_create_company_when_rejected(). Metadata in doc-comments is deprecated and will no longer be supported in PHPUnit 12. Update your test code to use attributes instead.

   WARN  Metadata found in doc-comment for method Tests\Feature\CompanyManagement\Controllers\CompanyRequestAdminControllerRejectTest::does_not_create_user_when_rejected(). Metadata in doc-comments is deprecated and will no longer be supported in PHPUnit 12. Update your test code to use attributes instead.

   WARN  Metadata found in doc-comment for method Tests\Feature\CompanyManagement\Controllers\CompanyRequestAdminControllerRejectTest::rejection_reason_can_be_long_text(). Metadata in doc-comments is deprecated and will no longer be supported in PHPUnit 12. Update your test code to use attributes instead.

   WARN  Metadata found in doc-comment for method Tests\Feature\CompanyManagement\Controllers\CompanyRequestControllerIndexTest::platform_admin_can_view_all_requests(). Metadata in doc-comments is deprecated and will no longer be supported in PHPUnit 12. Update your test code to use attributes instead.

   WARN  Metadata found in doc-comment for method Tests\Feature\CompanyManagement\Controllers\CompanyRequestControllerIndexTest::company_admin_cannot_view_requests(). Metadata in doc-comments is deprecated and will no longer be supported in PHPUnit 12. Update your test code to use attributes instead.

   WARN  Metadata found in doc-comment for method Tests\Feature\CompanyManagement\Controllers\CompanyRequestControllerIndexTest::user_cannot_view_requests(). Metadata in doc-comments is deprecated and will no longer be supported in PHPUnit 12. Update your test code to use attributes instead.

   WARN  Metadata found in doc-comment for method Tests\Feature\CompanyManagement\Controllers\CompanyRequestControllerIndexTest::filter_by_status_pending_works(). Metadata in doc-comments is deprecated and will no longer be supported in PHPUnit 12. Update your test code to use attributes instead.

   WARN  Metadata found in doc-comment for method Tests\Feature\CompanyManagement\Controllers\CompanyRequestControllerIndexTest::filter_by_status_approved_works(). Metadata in doc-comments is deprecated and will no longer be supported in PHPUnit 12. Update your test code to use attributes instead.

   WARN  Metadata found in doc-comment for method Tests\Feature\CompanyManagement\Controllers\CompanyRequestControllerIndexTest::filter_by_status_rejected_works(). Metadata in doc-comments is deprecated and will no longer be supported in PHPUnit 12. Update your test code to use attributes instead.

   WARN  Metadata found in doc-comment for method Tests\Feature\CompanyManagement\Controllers\CompanyRequestControllerIndexTest::without_filter_returns_all_requests(). Metadata in doc-comments is deprecated and will no longer be supported in PHPUnit 12. Update your test code to use attributes instead.

   WARN  Metadata found in doc-comment for method Tests\Feature\CompanyManagement\Controllers\CompanyRequestControllerIndexTest::pagination_with_limit_works(). Metadata in doc-comments is deprecated and will no longer be supported in PHPUnit 12. Update your test code to use attributes instead.

   WARN  Metadata found in doc-comment for method Tests\Feature\CompanyManagement\Controllers\CompanyRequestControllerIndexTest::returns_all_fields_of_company_request(). Metadata in doc-comments is deprecated and will no longer be supported in PHPUnit 12. Update your test code to use attributes instead.

   WARN  Metadata found in doc-comment for method Tests\Feature\CompanyManagement\Controllers\CompanyRequestControllerIndexTest::unauthenticated_user_receives_401(). Metadata in doc-comments is deprecated and will no longer be supported in PHPUnit 12. Update your test code to use attributes instead.

   WARN  Metadata found in doc-comment for method Tests\Feature\CompanyManagement\Controllers\CompanyRequestControllerStoreTest::public_request_creates_company_request_successfully(). Metadata in doc-comments is deprecated and will no longer be supported in PHPUnit 12. Update your test code to use attributes instead.

   WARN  Metadata found in doc-comment for method Tests\Feature\CompanyManagement\Controllers\CompanyRequestControllerStoreTest::returns_company_request_with_request_code_and_status_pending(). Metadata in doc-comments is deprecated and will no longer be supported in PHPUnit 12. Update your test code to use attributes instead.

   WARN  Metadata found in doc-comment for method Tests\Feature\CompanyManagement\Controllers\CompanyRequestControllerStoreTest::cannot_create_duplicate_request_with_same_email(). Metadata in doc-comments is deprecated and will no longer be supported in PHPUnit 12. Update your test code to use attributes instead.

   WARN  Metadata found in doc-comment for method Tests\Feature\CompanyManagement\Controllers\CompanyRequestControllerStoreTest::validates_required_fields(). Metadata in doc-comments is deprecated and will no longer be supported in PHPUnit 12. Update your test code to use attributes instead.

   WARN  Metadata found in doc-comment for method Tests\Feature\CompanyManagement\Controllers\CompanyRequestControllerStoreTest::business_description_must_have_min_50_characters(). Metadata in doc-comments is deprecated and will no longer be supported in PHPUnit 12. Update your test code to use attributes instead.

   WARN  Metadata found in doc-comment for method Tests\Feature\CompanyManagement\Controllers\CompanyRequestControllerStoreTest::admin_email_must_be_valid_email(). Metadata in doc-comments is deprecated and will no longer be supported in PHPUnit 12. Update your test code to use attributes instead.

   WARN  Metadata found in doc-comment for method Tests\Feature\CompanyManagement\Controllers\CompanyRequestControllerStoreTest::generates_unique_request_code(). Metadata in doc-comments is deprecated and will no longer be supported in PHPUnit 12. Update your test code to use attributes instead.

   WARN  Metadata found in doc-comment for method Tests\Feature\CompanyManagement\Controllers\CompanyRequestControllerStoreTest::optional_fields_can_be_omitted(). Metadata in doc-comments is deprecated and will no longer be supported in PHPUnit 12. Update your test code to use attributes instead.

   WARN  Metadata found in doc-comment for method Tests\Feature\CompanyManagement\Controllers\DebugTest::debug_explore_response_filter_by_status(). Metadata in doc-comments is deprecated and will no longer be supported in PHPUnit 12. Update your test code to use attributes instead.

   WARN  Metadata found in doc-comment for method Tests\Feature\CompanyManagement\DataLoaders\CompanyStatsBatchLoaderTest::it_loads_stats_for_a_single_company(). Metadata in doc-comments is deprecated and will no longer be supported in PHPUnit 12. Update your test code to use attributes instead.

   WARN  Metadata found in doc-comment for method Tests\Feature\CompanyManagement\DataLoaders\CompanyStatsBatchLoaderTest::it_returns_zero_for_company_with_no_users(). Metadata in doc-comments is deprecated and will no longer be supported in PHPUnit 12. Update your test code to use attributes instead.

   WARN  Metadata found in doc-comment for method Tests\Feature\CompanyManagement\DataLoaders\CompanyStatsBatchLoaderTest::it_batches_multiple_companies_in_single_queries(). Metadata in doc-comments is deprecated and will no longer be supported in PHPUnit 12. Update your test code to use attributes instead.

   WARN  Metadata found in doc-comment for method Tests\Feature\CompanyManagement\DataLoaders\CompanyStatsBatchLoaderTest::it_prevents_n_plus_1_when_loading_stats_for_company_list(). Metadata in doc-comments is deprecated and will no longer be supported in PHPUnit 12. Update your test code to use attributes instead.

   WARN  Metadata found in doc-comment for method Tests\Feature\CompanyManagement\DataLoaders\FollowedCompanyIdsByUserIdBatchLoaderTest::it_loads_followed_company_ids_for_a_single_user(). Metadata in doc-comments is deprecated and will no longer be supported in PHPUnit 12. Update your test code to use attributes instead.

   WARN  Metadata found in doc-comment for method Tests\Feature\CompanyManagement\DataLoaders\FollowedCompanyIdsByUserIdBatchLoaderTest::it_returns_empty_array_for_user_with_no_follows(). Metadata in doc-comments is deprecated and will no longer be supported in PHPUnit 12. Update your test code to use attributes instead.

   WARN  Metadata found in doc-comment for method Tests\Feature\CompanyManagement\DataLoaders\FollowedCompanyIdsByUserIdBatchLoaderTest::it_batches_multiple_users_in_single_query(). Metadata in doc-comments is deprecated and will no longer be supported in PHPUnit 12. Update your test code to use attributes instead.

   WARN  Metadata found in doc-comment for method Tests\Feature\CompanyManagement\DataLoaders\FollowedCompanyIdsByUserIdBatchLoaderTest::it_prevents_n_plus_1_queries_in_company_list(). Metadata in doc-comments is deprecated and will no longer be supported in PHPUnit 12. Update your test code to use attributes instead.

   WARN  Metadata found in doc-comment for method Tests\Feature\CompanyManagement\DataLoaders\FollowersCountByCompanyIdBatchLoaderTest::it_loads_follower_count_for_a_single_company(). Metadata in doc-comments is deprecated and will no longer be supported in PHPUnit 12. Update your test code to use attributes instead.

   WARN  Metadata found in doc-comment for method Tests\Feature\CompanyManagement\DataLoaders\FollowersCountByCompanyIdBatchLoaderTest::it_returns_zero_for_company_with_no_followers(). Metadata in doc-comments is deprecated and will no longer be supported in PHPUnit 12. Update your test code to use attributes instead.

   WARN  Metadata found in doc-comment for method Tests\Feature\CompanyManagement\DataLoaders\FollowersCountByCompanyIdBatchLoaderTest::it_batches_multiple_companies_in_single_query(). Metadata in doc-comments is deprecated and will no longer be supported in PHPUnit 12. Update your test code to use attributes instead.

   WARN  Metadata found in doc-comment for method Tests\Feature\CompanyManagement\DataLoaders\FollowersCountByCompanyIdBatchLoaderTest::it_prevents_n_plus_1_when_loading_follower_counts_for_company_list(). Metadata in doc-comments is deprecated and will no longer be supported in PHPUnit 12. Update your test code to use attributes instead.

   WARN  Metadata found in doc-comment for method Tests\Feature\CompanyManagement\Mutations\ApproveCompanyRequestMutationTest::platform_admin_can_approve_request(). Metadata in doc-comments is deprecated and will no longer be supported in PHPUnit 12. Update your test code to use attributes instead.

   WARN  Metadata found in doc-comment for method Tests\Feature\CompanyManagement\Mutations\ApproveCompanyRequestMutationTest::creates_company_correctly(). Metadata in doc-comments is deprecated and will no longer be supported in PHPUnit 12. Update your test code to use attributes instead.

   WARN  Metadata found in doc-comment for method Tests\Feature\CompanyManagement\Mutations\ApproveCompanyRequestMutationTest::creates_admin_user_if_not_exists(). Metadata in doc-comments is deprecated and will no longer be supported in PHPUnit 12. Update your test code to use attributes instead.

   WARN  Metadata found in doc-comment for method Tests\Feature\CompanyManagement\Mutations\ApproveCompanyRequestMutationTest::assigns_company_admin_role_to_user(). Metadata in doc-comments is deprecated and will no longer be supported in PHPUnit 12. Update your test code to use attributes instead.

   WARN  Metadata found in doc-comment for method Tests\Feature\CompanyManagement\Mutations\ApproveCompanyRequestMutationTest::marks_request_as_approved(). Metadata in doc-comments is deprecated and will no longer be supported in PHPUnit 12. Update your test code to use attributes instead.

   WARN  Metadata found in doc-comment for method Tests\Feature\CompanyManagement\Mutations\ApproveCompanyRequestMutationTest::nonexistent_request_throws_request_not_found_error(). Metadata in doc-comments is deprecated and will no longer be supported in PHPUnit 12. Update your test code to use attributes instead.

   WARN  Metadata found in doc-comment for method Tests\Feature\CompanyManagement\Mutations\ApproveCompanyRequestMutationTest::non_pending_request_throws_request_not_pending_error(). Metadata in doc-comments is deprecated and will no longer be supported in PHPUnit 12. Update your test code to use attributes instead.

   WARN  Metadata found in doc-comment for method Tests\Feature\CompanyManagement\Mutations\ApproveCompanyRequestMutationTest::company_admin_cannot_approve(). Metadata in doc-comments is deprecated and will no longer be supported in PHPUnit 12. Update your test code to use attributes instead.

   WARN  Metadata found in doc-comment for method Tests\Feature\CompanyManagement\Mutations\ApproveCompanyRequestMutationTest::user_cannot_approve(). Metadata in doc-comments is deprecated and will no longer be supported in PHPUnit 12. Update your test code to use attributes instead.

   WARN  Metadata found in doc-comment for method Tests\Feature\CompanyManagement\Mutations\ApproveCompanyRequestMutationTest::unauthenticated_user_receives_error(). Metadata in doc-comments is deprecated and will no longer be supported in PHPUnit 12. Update your test code to use attributes instead.

   WARN  Metadata found in doc-comment for method Tests\Feature\CompanyManagement\Mutations\ApproveCompanyRequestMutationTest::returns_created_company_with_all_fields(). Metadata in doc-comments is deprecated and will no longer be supported in PHPUnit 12. Update your test code to use attributes instead.

   WARN  Metadata found in doc-comment for method Tests\Feature\CompanyManagement\Mutations\ApproveCompanyRequestMutationTest::uses_existing_user_if_email_already_exists(). Metadata in doc-comments is deprecated and will no longer be supported in PHPUnit 12. Update your test code to use attributes instead.

   WARN  Metadata found in doc-comment for method Tests\Feature\CompanyManagement\Mutations\ApproveCompanyRequestMutationTest::sends_approval_email_when_user_already_exists(). Metadata in doc-comments is deprecated and will no longer be supported in PHPUnit 12. Update your test code to use attributes instead.

   WARN  Metadata found in doc-comment for method Tests\Feature\CompanyManagement\Mutations\ApproveCompanyRequestMutationTest::sends_approval_email_with_temporary_password_for_new_user(). Metadata in doc-comments is deprecated and will no longer be supported in PHPUnit 12. Update your test code to use attributes instead.

   WARN  Metadata found in doc-comment for method Tests\Feature\CompanyManagement\Mutations\ApproveCompanyRequestMutationTest::new_user_can_login_with_temporary_password(). Metadata in doc-comments is deprecated and will no longer be supported in PHPUnit 12. Update your test code to use attributes instead.

   WARN  Metadata found in doc-comment for method Tests\Feature\CompanyManagement\Mutations\ApproveCompanyRequestMutationTest::approval_email_arrives_to_mailpit_for_existing_user(). Metadata in doc-comments is deprecated and will no longer be supported in PHPUnit 12. Update your test code to use attributes instead.

   WARN  Metadata found in doc-comment for method Tests\Feature\CompanyManagement\Mutations\ApproveCompanyRequestMutationTest::approval_email_arrives_to_mailpit_for_new_user_with_temp_password(). Metadata in doc-comments is deprecated and will no longer be supported in PHPUnit 12. Update your test code to use attributes instead.

   WARN  Metadata found in doc-comment for method Tests\Feature\CompanyManagement\Mutations\ApproveCompanyRequestMutationTest::temporary_password_expires_after_configured_time(). Metadata in doc-comments is deprecated and will no longer be supported in PHPUnit 12. Update your test code to use attributes instead.

   WARN  Metadata found in doc-comment for method Tests\Feature\CompanyManagement\Mutations\ApproveCompanyRequestMutationTest::multiple_companies_can_be_approved_without_email_conflicts(). Metadata in doc-comments is deprecated and will no longer be supported in PHPUnit 12. Update your test code to use attributes instead.

   WARN  Metadata found in doc-comment for method Tests\Feature\CompanyManagement\Mutations\CreateCompanyMutationTest::platform_admin_can_create_company_directly(). Metadata in doc-comments is deprecated and will no longer be supported in PHPUnit 12. Update your test code to use attributes instead.

   WARN  Metadata found in doc-comment for method Tests\Feature\CompanyManagement\Mutations\CreateCompanyMutationTest::creates_company_with_complete_data(). Metadata in doc-comments is deprecated and will no longer be supported in PHPUnit 12. Update your test code to use attributes instead.

   WARN  Metadata found in doc-comment for method Tests\Feature\CompanyManagement\Mutations\CreateCompanyMutationTest::assigns_company_admin_role_to_admin_user(). Metadata in doc-comments is deprecated and will no longer be supported in PHPUnit 12. Update your test code to use attributes instead.

   WARN  Metadata found in doc-comment for method Tests\Feature\CompanyManagement\Mutations\CreateCompanyMutationTest::returns_created_company(). Metadata in doc-comments is deprecated and will no longer be supported in PHPUnit 12. Update your test code to use attributes instead.

   WARN  Metadata found in doc-comment for method Tests\Feature\CompanyManagement\Mutations\CreateCompanyMutationTest::nonexistent_admin_user_throws_admin_user_not_found_error(). Metadata in doc-comments is deprecated and will no longer be supported in PHPUnit 12. Update your test code to use attributes instead.

   WARN  Metadata found in doc-comment for method Tests\Feature\CompanyManagement\Mutations\CreateCompanyMutationTest::company_admin_cannot_create_company(). Metadata in doc-comments is deprecated and will no longer be supported in PHPUnit 12. Update your test code to use attributes instead.

   WARN  Metadata found in doc-comment for method Tests\Feature\CompanyManagement\Mutations\CreateCompanyMutationTest::user_cannot_create_company(). Metadata in doc-comments is deprecated and will no longer be supported in PHPUnit 12. Update your test code to use attributes instead.

   WARN  Metadata found in doc-comment for method Tests\Feature\CompanyManagement\Mutations\CreateCompanyMutationTest::generates_unique_company_code(). Metadata in doc-comments is deprecated and will no longer be supported in PHPUnit 12. Update your test code to use attributes instead.

   WARN  Metadata found in doc-comment for method Tests\Feature\CompanyManagement\Mutations\CreateCompanyMutationTest::validates_optional_contact_info_fields(). Metadata in doc-comments is deprecated and will no longer be supported in PHPUnit 12. Update your test code to use attributes instead.

   WARN  Metadata found in doc-comment for method Tests\Feature\CompanyManagement\Mutations\CreateCompanyMutationTest::unauthenticated_user_receives_error(). Metadata in doc-comments is deprecated and will no longer be supported in PHPUnit 12. Update your test code to use attributes instead.

   WARN  Metadata found in doc-comment for method Tests\Feature\CompanyManagement\Mutations\FollowCompanyMutationTest::user_can_follow_active_company_successfully(). Metadata in doc-comments is deprecated and will no longer be supported in PHPUnit 12. Update your test code to use attributes instead.

   WARN  Metadata found in doc-comment for method Tests\Feature\CompanyManagement\Mutations\FollowCompanyMutationTest::returns_company_follow_result_with_all_fields(). Metadata in doc-comments is deprecated and will no longer be supported in PHPUnit 12. Update your test code to use attributes instead.

   WARN  Metadata found in doc-comment for method Tests\Feature\CompanyManagement\Mutations\FollowCompanyMutationTest::cannot_follow_company_already_following(). Metadata in doc-comments is deprecated and will no longer be supported in PHPUnit 12. Update your test code to use attributes instead.

   WARN  Metadata found in doc-comment for method Tests\Feature\CompanyManagement\Mutations\FollowCompanyMutationTest::cannot_follow_suspended_company(). Metadata in doc-comments is deprecated and will no longer be supported in PHPUnit 12. Update your test code to use attributes instead.

   WARN  Metadata found in doc-comment for method Tests\Feature\CompanyManagement\Mutations\FollowCompanyMutationTest::cannot_exceed_max_follows_limit_of_50(). Metadata in doc-comments is deprecated and will no longer be supported in PHPUnit 12. Update your test code to use attributes instead.

   WARN  Metadata found in doc-comment for method Tests\Feature\CompanyManagement\Mutations\FollowCompanyMutationTest::nonexistent_company_throws_company_not_found_error(). Metadata in doc-comments is deprecated and will no longer be supported in PHPUnit 12. Update your test code to use attributes instead.

   WARN  Metadata found in doc-comment for method Tests\Feature\CompanyManagement\Mutations\FollowCompanyMutationTest::unauthenticated_user_cannot_follow_company(). Metadata in doc-comments is deprecated and will no longer be supported in PHPUnit 12. Update your test code to use attributes instead.

   WARN  Metadata found in doc-comment for method Tests\Feature\CompanyManagement\Mutations\FollowCompanyMutationTest::followers_count_increases_by_one(). Metadata in doc-comments is deprecated and will no longer be supported in PHPUnit 12. Update your test code to use attributes instead.

   WARN  Metadata found in doc-comment for method Tests\Feature\CompanyManagement\Mutations\FollowCompanyMutationTest::followed_at_timestamp_is_recorded(). Metadata in doc-comments is deprecated and will no longer be supported in PHPUnit 12. Update your test code to use attributes instead.

   WARN  Metadata found in doc-comment for method Tests\Feature\CompanyManagement\Mutations\RejectCompanyRequestMutationTest::platform_admin_can_reject_request(). Metadata in doc-comments is deprecated and will no longer be supported in PHPUnit 12. Update your test code to use attributes instead.

   WARN  Metadata found in doc-comment for method Tests\Feature\CompanyManagement\Mutations\RejectCompanyRequestMutationTest::marks_request_as_rejected(). Metadata in doc-comments is deprecated and will no longer be supported in PHPUnit 12. Update your test code to use attributes instead.

   WARN  Metadata found in doc-comment for method Tests\Feature\CompanyManagement\Mutations\RejectCompanyRequestMutationTest::saves_rejection_reason(). Metadata in doc-comments is deprecated and will no longer be supported in PHPUnit 12. Update your test code to use attributes instead.

   WARN  Metadata found in doc-comment for method Tests\Feature\CompanyManagement\Mutations\RejectCompanyRequestMutationTest::returns_true_on_success(). Metadata in doc-comments is deprecated and will no longer be supported in PHPUnit 12. Update your test code to use attributes instead.

   WARN  Metadata found in doc-comment for method Tests\Feature\CompanyManagement\Mutations\RejectCompanyRequestMutationTest::nonexistent_request_throws_error(). Metadata in doc-comments is deprecated and will no longer be supported in PHPUnit 12. Update your test code to use attributes instead.

   WARN  Metadata found in doc-comment for method Tests\Feature\CompanyManagement\Mutations\RejectCompanyRequestMutationTest::non_pending_request_throws_error(). Metadata in doc-comments is deprecated and will no longer be supported in PHPUnit 12. Update your test code to use attributes instead.

   WARN  Metadata found in doc-comment for method Tests\Feature\CompanyManagement\Mutations\RejectCompanyRequestMutationTest::company_admin_cannot_reject(). Metadata in doc-comments is deprecated and will no longer be supported in PHPUnit 12. Update your test code to use attributes instead.

   WARN  Metadata found in doc-comment for method Tests\Feature\CompanyManagement\Mutations\RejectCompanyRequestMutationTest::user_cannot_reject(). Metadata in doc-comments is deprecated and will no longer be supported in PHPUnit 12. Update your test code to use attributes instead.

   WARN  Metadata found in doc-comment for method Tests\Feature\CompanyManagement\Mutations\RejectCompanyRequestMutationTest::reason_is_required(). Metadata in doc-comments is deprecated and will no longer be supported in PHPUnit 12. Update your test code to use attributes instead.

   WARN  Metadata found in doc-comment for method Tests\Feature\CompanyManagement\Mutations\RejectCompanyRequestMutationTest::unauthenticated_user_receives_error(). Metadata in doc-comments is deprecated and will no longer be supported in PHPUnit 12. Update your test code to use attributes instead.

   WARN  Metadata found in doc-comment for method Tests\Feature\CompanyManagement\Mutations\RejectCompanyRequestMutationTest::sends_rejection_email_with_reason(). Metadata in doc-comments is deprecated and will no longer be supported in PHPUnit 12. Update your test code to use attributes instead.

   WARN  Metadata found in doc-comment for method Tests\Feature\CompanyManagement\Mutations\RejectCompanyRequestMutationTest::rejection_email_arrives_to_mailpit(). Metadata in doc-comments is deprecated and will no longer be supported in PHPUnit 12. Update your test code to use attributes instead.

   WARN  Metadata found in doc-comment for method Tests\Feature\CompanyManagement\Mutations\RejectCompanyRequestMutationTest::multiple_rejections_send_separate_emails(). Metadata in doc-comments is deprecated and will no longer be supported in PHPUnit 12. Update your test code to use attributes instead.

   WARN  Metadata found in doc-comment for method Tests\Feature\CompanyManagement\Mutations\RejectCompanyRequestMutationTest::does_not_create_company_when_rejected(). Metadata in doc-comments is deprecated and will no longer be supported in PHPUnit 12. Update your test code to use attributes instead.

   WARN  Metadata found in doc-comment for method Tests\Feature\CompanyManagement\Mutations\RejectCompanyRequestMutationTest::does_not_create_user_when_rejected(). Metadata in doc-comments is deprecated and will no longer be supported in PHPUnit 12. Update your test code to use attributes instead.

   WARN  Metadata found in doc-comment for method Tests\Feature\CompanyManagement\Mutations\RejectCompanyRequestMutationTest::rejection_reason_can_be_long_text(). Metadata in doc-comments is deprecated and will no longer be supported in PHPUnit 12. Update your test code to use attributes instead.

   WARN  Metadata found in doc-comment for method Tests\Feature\CompanyManagement\Mutations\RequestCompanyMutationTest::public_request_creates_company_request_successfully(). Metadata in doc-comments is deprecated and will no longer be supported in PHPUnit 12. Update your test code to use attributes instead.

   WARN  Metadata found in doc-comment for method Tests\Feature\CompanyManagement\Mutations\RequestCompanyMutationTest::returns_company_request_with_request_code_and_status_pending(). Metadata in doc-comments is deprecated and will no longer be supported in PHPUnit 12. Update your test code to use attributes instead.

   WARN  Metadata found in doc-comment for method Tests\Feature\CompanyManagement\Mutations\RequestCompanyMutationTest::cannot_create_duplicate_request_with_same_email(). Metadata in doc-comments is deprecated and will no longer be supported in PHPUnit 12. Update your test code to use attributes instead.

   WARN  Metadata found in doc-comment for method Tests\Feature\CompanyManagement\Mutations\RequestCompanyMutationTest::validates_required_fields(). Metadata in doc-comments is deprecated and will no longer be supported in PHPUnit 12. Update your test code to use attributes instead.

   WARN  Metadata found in doc-comment for method Tests\Feature\CompanyManagement\Mutations\RequestCompanyMutationTest::business_description_must_have_min_50_characters(). Metadata in doc-comments is deprecated and will no longer be supported in PHPUnit 12. Update your test code to use attributes instead.

   WARN  Metadata found in doc-comment for method Tests\Feature\CompanyManagement\Mutations\RequestCompanyMutationTest::admin_email_must_be_valid_email(). Metadata in doc-comments is deprecated and will no longer be supported in PHPUnit 12. Update your test code to use attributes instead.

   WARN  Metadata found in doc-comment for method Tests\Feature\CompanyManagement\Mutations\RequestCompanyMutationTest::generates_unique_request_code(). Metadata in doc-comments is deprecated and will no longer be supported in PHPUnit 12. Update your test code to use attributes instead.

   WARN  Metadata found in doc-comment for method Tests\Feature\CompanyManagement\Mutations\RequestCompanyMutationTest::optional_fields_can_be_omitted(). Metadata in doc-comments is deprecated and will no longer be supported in PHPUnit 12. Update your test code to use attributes instead.

   WARN  Metadata found in doc-comment for method Tests\Feature\CompanyManagement\Mutations\UnfollowCompanyMutationTest::user_can_unfollow_company_successfully(). Metadata in doc-comments is deprecated and will no longer be supported in PHPUnit 12. Update your test code to use attributes instead.

   WARN  Metadata found in doc-comment for method Tests\Feature\CompanyManagement\Mutations\UnfollowCompanyMutationTest::returns_true_on_success(). Metadata in doc-comments is deprecated and will no longer be supported in PHPUnit 12. Update your test code to use attributes instead.

   WARN  Metadata found in doc-comment for method Tests\Feature\CompanyManagement\Mutations\UnfollowCompanyMutationTest::cannot_unfollow_company_not_following(). Metadata in doc-comments is deprecated and will no longer be supported in PHPUnit 12. Update your test code to use attributes instead.

   WARN  Metadata found in doc-comment for method Tests\Feature\CompanyManagement\Mutations\UnfollowCompanyMutationTest::nonexistent_company_throws_error(). Metadata in doc-comments is deprecated and will no longer be supported in PHPUnit 12. Update your test code to use attributes instead.

   WARN  Metadata found in doc-comment for method Tests\Feature\CompanyManagement\Mutations\UnfollowCompanyMutationTest::unauthenticated_user_receives_error(). Metadata in doc-comments is deprecated and will no longer be supported in PHPUnit 12. Update your test code to use attributes instead.

   WARN  Metadata found in doc-comment for method Tests\Feature\CompanyManagement\Mutations\UnfollowCompanyMutationTest::followers_count_decreases_by_one(). Metadata in doc-comments is deprecated and will no longer be supported in PHPUnit 12. Update your test code to use attributes instead.

   WARN  Metadata found in doc-comment for method Tests\Feature\CompanyManagement\Mutations\UnfollowCompanyMutationTest::can_follow_again_after_unfollowing(). Metadata in doc-comments is deprecated and will no longer be supported in PHPUnit 12. Update your test code to use attributes instead.

   WARN  Metadata found in doc-comment for method Tests\Feature\CompanyManagement\Mutations\UpdateCompanyMutationTest::platform_admin_can_update_any_company(). Metadata in doc-comments is deprecated and will no longer be supported in PHPUnit 12. Update your test code to use attributes instead.

   WARN  Metadata found in doc-comment for method Tests\Feature\CompanyManagement\Mutations\UpdateCompanyMutationTest::company_admin_can_update_own_company(). Metadata in doc-comments is deprecated and will no longer be supported in PHPUnit 12. Update your test code to use attributes instead.

   WARN  Metadata found in doc-comment for method Tests\Feature\CompanyManagement\Mutations\UpdateCompanyMutationTest::company_admin_cannot_update_another_company(). Metadata in doc-comments is deprecated and will no longer be supported in PHPUnit 12. Update your test code to use attributes instead.

   WARN  Metadata found in doc-comment for method Tests\Feature\CompanyManagement\Mutations\UpdateCompanyMutationTest::agent_cannot_update_company(). Metadata in doc-comments is deprecated and will no longer be supported in PHPUnit 12. Update your test code to use attributes instead.

   WARN  Metadata found in doc-comment for method Tests\Feature\CompanyManagement\Mutations\UpdateCompanyMutationTest::user_cannot_update_company(). Metadata in doc-comments is deprecated and will no longer be supported in PHPUnit 12. Update your test code to use attributes instead.

   WARN  Metadata found in doc-comment for method Tests\Feature\CompanyManagement\Mutations\UpdateCompanyMutationTest::updates_basic_fields(). Metadata in doc-comments is deprecated and will no longer be supported in PHPUnit 12. Update your test code to use attributes instead.

   WARN  Metadata found in doc-comment for method Tests\Feature\CompanyManagement\Mutations\UpdateCompanyMutationTest::updates_contact_info(). Metadata in doc-comments is deprecated and will no longer be supported in PHPUnit 12. Update your test code to use attributes instead.

   WARN  Metadata found in doc-comment for method Tests\Feature\CompanyManagement\Mutations\UpdateCompanyMutationTest::updates_config_business_hours_and_timezone(). Metadata in doc-comments is deprecated and will no longer be supported in PHPUnit 12. Update your test code to use attributes instead.

   WARN  Metadata found in doc-comment for method Tests\Feature\CompanyManagement\Mutations\UpdateCompanyMutationTest::updates_branding(). Metadata in doc-comments is deprecated and will no longer be supported in PHPUnit 12. Update your test code to use attributes instead.

   WARN  Metadata found in doc-comment for method Tests\Feature\CompanyManagement\Mutations\UpdateCompanyMutationTest::nonexistent_company_throws_error(). Metadata in doc-comments is deprecated and will no longer be supported in PHPUnit 12. Update your test code to use attributes instead.

   WARN  Metadata found in doc-comment for method Tests\Feature\CompanyManagement\Mutations\UpdateCompanyMutationTest::returns_updated_company(). Metadata in doc-comments is deprecated and will no longer be supported in PHPUnit 12. Update your test code to use attributes instead.

   WARN  Metadata found in doc-comment for method Tests\Feature\CompanyManagement\Mutations\UpdateCompanyMutationTest::unauthenticated_user_receives_error(). Metadata in doc-comments is deprecated and will no longer be supported in PHPUnit 12. Update your test code to use attributes instead.

   WARN  Metadata found in doc-comment for method Tests\Feature\CompanyManagement\Queries\CompaniesQueryTest::context_minimal_returns_only_4_fields(). Metadata in doc-comments is deprecated and will no longer be supported in PHPUnit 12. Update your test code to use attributes instead.

   WARN  Metadata found in doc-comment for method Tests\Feature\CompanyManagement\Queries\CompaniesQueryTest::context_explore_returns_11_fields_plus_is_followed_by_me(). Metadata in doc-comments is deprecated and will no longer be supported in PHPUnit 12. Update your test code to use attributes instead.

   WARN  Metadata found in doc-comment for method Tests\Feature\CompanyManagement\Queries\CompaniesQueryTest::context_management_returns_all_fields(). Metadata in doc-comments is deprecated and will no longer be supported in PHPUnit 12. Update your test code to use attributes instead.

   WARN  Metadata found in doc-comment for method Tests\Feature\CompanyManagement\Queries\CompaniesQueryTest::filter_by_status_works(). Metadata in doc-comments is deprecated and will no longer be supported in PHPUnit 12. Update your test code to use attributes instead.

   WARN  Metadata found in doc-comment for method Tests\Feature\CompanyManagement\Queries\CompaniesQueryTest::filter_by_country_works(). Metadata in doc-comments is deprecated and will no longer be supported in PHPUnit 12. Update your test code to use attributes instead.

   WARN  Metadata found in doc-comment for method Tests\Feature\CompanyManagement\Queries\CompaniesQueryTest::filter_followed_by_me_returns_only_followed_companies(). Metadata in doc-comments is deprecated and will no longer be supported in PHPUnit 12. Update your test code to use attributes instead.

   WARN  Metadata found in doc-comment for method Tests\Feature\CompanyManagement\Queries\CompaniesQueryTest::search_by_name_works(). Metadata in doc-comments is deprecated and will no longer be supported in PHPUnit 12. Update your test code to use attributes instead.

   WARN  Metadata found in doc-comment for method Tests\Feature\CompanyManagement\Queries\CompaniesQueryTest::pagination_works_correctly(). Metadata in doc-comments is deprecated and will no longer be supported in PHPUnit 12. Update your test code to use attributes instead.

   WARN  Metadata found in doc-comment for method Tests\Feature\CompanyManagement\Queries\CompaniesQueryTest::has_next_page_is_true_when_more_pages_exist(). Metadata in doc-comments is deprecated and will no longer be supported in PHPUnit 12. Update your test code to use attributes instead.

   WARN  Metadata found in doc-comment for method Tests\Feature\CompanyManagement\Queries\CompaniesQueryTest::has_next_page_is_false_when_no_more_pages(). Metadata in doc-comments is deprecated and will no longer be supported in PHPUnit 12. Update your test code to use attributes instead.

   WARN  Metadata found in doc-comment for method Tests\Feature\CompanyManagement\Queries\CompaniesQueryTest::is_followed_by_me_is_true_for_followed_companies_in_explore_context(). Metadata in doc-comments is deprecated and will no longer be supported in PHPUnit 12. Update your test code to use attributes instead.

   WARN  Metadata found in doc-comment for method Tests\Feature\CompanyManagement\Queries\CompaniesQueryTest::is_followed_by_me_is_false_for_non_followed_companies(). Metadata in doc-comments is deprecated and will no longer be supported in PHPUnit 12. Update your test code to use attributes instead.

   WARN  Metadata found in doc-comment for method Tests\Feature\CompanyManagement\Queries\CompaniesQueryTest::unauthenticated_user_can_access_minimal_context(). Metadata in doc-comments is deprecated and will no longer be supported in PHPUnit 12. Update your test code to use attributes instead.

   WARN  Metadata found in doc-comment for method Tests\Feature\CompanyManagement\Queries\CompaniesQueryTest::unauthenticated_user_cannot_access_explore_context(). Metadata in doc-comments is deprecated and will no longer be supported in PHPUnit 12. Update your test code to use attributes instead.

   WARN  Metadata found in doc-comment for method Tests\Feature\CompanyManagement\Queries\CompanyQueryTest::authenticated_user_can_view_company(). Metadata in doc-comments is deprecated and will no longer be supported in PHPUnit 12. Update your test code to use attributes instead.

   WARN  Metadata found in doc-comment for method Tests\Feature\CompanyManagement\Queries\CompanyQueryTest::unauthenticated_user_cannot_view_company(). Metadata in doc-comments is deprecated and will no longer be supported in PHPUnit 12. Update your test code to use attributes instead.

   WARN  Metadata found in doc-comment for method Tests\Feature\CompanyManagement\Queries\CompanyQueryTest::returns_null_for_nonexistent_company(). Metadata in doc-comments is deprecated and will no longer be supported in PHPUnit 12. Update your test code to use attributes instead.

   WARN  Metadata found in doc-comment for method Tests\Feature\CompanyManagement\Queries\CompanyQueryTest::platform_admin_can_view_any_company(). Metadata in doc-comments is deprecated and will no longer be supported in PHPUnit 12. Update your test code to use attributes instead.

   WARN  Metadata found in doc-comment for method Tests\Feature\CompanyManagement\Queries\CompanyQueryTest::company_admin_can_view_own_company(). Metadata in doc-comments is deprecated and will no longer be supported in PHPUnit 12. Update your test code to use attributes instead.

   WARN  Metadata found in doc-comment for method Tests\Feature\CompanyManagement\Queries\CompanyQueryTest::agent_can_view_their_company(). Metadata in doc-comments is deprecated and will no longer be supported in PHPUnit 12. Update your test code to use attributes instead.

   WARN  Metadata found in doc-comment for method Tests\Feature\CompanyManagement\Queries\CompanyQueryTest::user_can_view_active_company(). Metadata in doc-comments is deprecated and will no longer be supported in PHPUnit 12. Update your test code to use attributes instead.

   WARN  Metadata found in doc-comment for method Tests\Feature\CompanyManagement\Queries\CompanyQueryTest::returns_all_fields_of_company_type(). Metadata in doc-comments is deprecated and will no longer be supported in PHPUnit 12. Update your test code to use attributes instead.

   WARN  Metadata found in doc-comment for method Tests\Feature\CompanyManagement\Queries\CompanyQueryTest::is_followed_by_me_is_true_when_user_follows_company(). Metadata in doc-comments is deprecated and will no longer be supported in PHPUnit 12. Update your test code to use attributes instead.

   WARN  Metadata found in doc-comment for method Tests\Feature\CompanyManagement\Queries\CompanyQueryTest::is_followed_by_me_is_false_when_user_does_not_follow_company(). Metadata in doc-comments is deprecated and will no longer be supported in PHPUnit 12. Update your test code to use attributes instead.

   WARN  Metadata found in doc-comment for method Tests\Feature\CompanyManagement\Queries\CompanyRequestsQueryTest::platform_admin_can_view_all_requests(). Metadata in doc-comments is deprecated and will no longer be supported in PHPUnit 12. Update your test code to use attributes instead.

   WARN  Metadata found in doc-comment for method Tests\Feature\CompanyManagement\Queries\CompanyRequestsQueryTest::company_admin_cannot_view_requests(). Metadata in doc-comments is deprecated and will no longer be supported in PHPUnit 12. Update your test code to use attributes instead.

   WARN  Metadata found in doc-comment for method Tests\Feature\CompanyManagement\Queries\CompanyRequestsQueryTest::user_cannot_view_requests(). Metadata in doc-comments is deprecated and will no longer be supported in PHPUnit 12. Update your test code to use attributes instead.

   WARN  Metadata found in doc-comment for method Tests\Feature\CompanyManagement\Queries\CompanyRequestsQueryTest::filter_by_status_pending_works(). Metadata in doc-comments is deprecated and will no longer be supported in PHPUnit 12. Update your test code to use attributes instead.

   WARN  Metadata found in doc-comment for method Tests\Feature\CompanyManagement\Queries\CompanyRequestsQueryTest::filter_by_status_approved_works(). Metadata in doc-comments is deprecated and will no longer be supported in PHPUnit 12. Update your test code to use attributes instead.

   WARN  Metadata found in doc-comment for method Tests\Feature\CompanyManagement\Queries\CompanyRequestsQueryTest::filter_by_status_rejected_works(). Metadata in doc-comments is deprecated and will no longer be supported in PHPUnit 12. Update your test code to use attributes instead.

   WARN  Metadata found in doc-comment for method Tests\Feature\CompanyManagement\Queries\CompanyRequestsQueryTest::without_filter_returns_all_requests(). Metadata in doc-comments is deprecated and will no longer be supported in PHPUnit 12. Update your test code to use attributes instead.

   WARN  Metadata found in doc-comment for method Tests\Feature\CompanyManagement\Queries\CompanyRequestsQueryTest::pagination_with_limit_works(). Metadata in doc-comments is deprecated and will no longer be supported in PHPUnit 12. Update your test code to use attributes instead.

   WARN  Metadata found in doc-comment for method Tests\Feature\CompanyManagement\Queries\CompanyRequestsQueryTest::returns_all_fields_of_company_request(). Metadata in doc-comments is deprecated and will no longer be supported in PHPUnit 12. Update your test code to use attributes instead.

   WARN  Metadata found in doc-comment for method Tests\Feature\CompanyManagement\Queries\CompanyRequestsQueryTest::unauthenticated_user_receives_error(). Metadata in doc-comments is deprecated and will no longer be supported in PHPUnit 12. Update your test code to use attributes instead.

   WARN  Metadata found in doc-comment for method Tests\Feature\CompanyManagement\Queries\IsFollowingCompanyQueryTest::returns_true_when_user_is_following_company(). Metadata in doc-comments is deprecated and will no longer be supported in PHPUnit 12. Update your test code to use attributes instead.

   WARN  Metadata found in doc-comment for method Tests\Feature\CompanyManagement\Queries\IsFollowingCompanyQueryTest::returns_false_when_user_is_not_following_company(). Metadata in doc-comments is deprecated and will no longer be supported in PHPUnit 12. Update your test code to use attributes instead.

   WARN  Metadata found in doc-comment for method Tests\Feature\CompanyManagement\Queries\IsFollowingCompanyQueryTest::unauthenticated_user_receives_error(). Metadata in doc-comments is deprecated and will no longer be supported in PHPUnit 12. Update your test code to use attributes instead.

   WARN  Metadata found in doc-comment for method Tests\Feature\CompanyManagement\Queries\IsFollowingCompanyQueryTest::nonexistent_company_throws_company_not_found_error(). Metadata in doc-comments is deprecated and will no longer be supported in PHPUnit 12. Update your test code to use attributes instead.

   WARN  Metadata found in doc-comment for method Tests\Feature\CompanyManagement\Queries\IsFollowingCompanyQueryTest::returns_false_when_following_different_company(). Metadata in doc-comments is deprecated and will no longer be supported in PHPUnit 12. Update your test code to use attributes instead.

   WARN  Metadata found in doc-comment for method Tests\Feature\CompanyManagement\Queries\IsFollowingCompanyQueryTest::different_users_have_independent_follow_status(). Metadata in doc-comments is deprecated and will no longer be supported in PHPUnit 12. Update your test code to use attributes instead.

   WARN  Metadata found in doc-comment for method Tests\Feature\CompanyManagement\Queries\MyFollowedCompaniesQueryTest::returns_empty_list_when_user_follows_no_companies(). Metadata in doc-comments is deprecated and will no longer be supported in PHPUnit 12. Update your test code to use attributes instead.

   WARN  Metadata found in doc-comment for method Tests\Feature\CompanyManagement\Queries\MyFollowedCompaniesQueryTest::returns_followed_companies_with_metadata(). Metadata in doc-comments is deprecated and will no longer be supported in PHPUnit 12. Update your test code to use attributes instead.

   WARN  Metadata found in doc-comment for method Tests\Feature\CompanyManagement\Queries\MyFollowedCompaniesQueryTest::unauthenticated_user_receives_error(). Metadata in doc-comments is deprecated and will no longer be supported in PHPUnit 12. Update your test code to use attributes instead.

   WARN  Metadata found in doc-comment for method Tests\Feature\CompanyManagement\Queries\MyFollowedCompaniesQueryTest::returns_companies_in_followed_at_desc_order(). Metadata in doc-comments is deprecated and will no longer be supported in PHPUnit 12. Update your test code to use attributes instead.

   WARN  Metadata found in doc-comment for method Tests\Feature\CompanyManagement\Queries\MyFollowedCompaniesQueryTest::includes_all_required_fields(). Metadata in doc-comments is deprecated and will no longer be supported in PHPUnit 12. Update your test code to use attributes instead.

   WARN  Metadata found in doc-comment for method Tests\Feature\CompanyManagement\Queries\MyFollowedCompaniesQueryTest::does_not_return_companies_followed_by_other_users(). Metadata in doc-comments is deprecated and will no longer be supported in PHPUnit 12. Update your test code to use attributes instead.

   WARN  Metadata found in doc-comment for method Tests\Feature\CompanyManagement\Services\CompanyFollowServiceTest::follow_creates_follow_record(). Metadata in doc-comments is deprecated and will no longer be supported in PHPUnit 12. Update your test code to use attributes instead.

   WARN  Metadata found in doc-comment for method Tests\Feature\CompanyManagement\Services\CompanyFollowServiceTest::follow_throws_exception_when_already_following(). Metadata in doc-comments is deprecated and will no longer be supported in PHPUnit 12. Update your test code to use attributes instead.

   WARN  Metadata found in doc-comment for method Tests\Feature\CompanyManagement\Services\CompanyFollowServiceTest::follow_throws_exception_when_exceeding_max_follows(). Metadata in doc-comments is deprecated and will no longer be supported in PHPUnit 12. Update your test code to use attributes instead.

   WARN  Metadata found in doc-comment for method Tests\Feature\CompanyManagement\Services\CompanyFollowServiceTest::unfollow_deletes_follow_record(). Metadata in doc-comments is deprecated and will no longer be supported in PHPUnit 12. Update your test code to use attributes instead.

   WARN  Metadata found in doc-comment for method Tests\Feature\CompanyManagement\Services\CompanyFollowServiceTest::unfollow_throws_exception_when_not_following(). Metadata in doc-comments is deprecated and will no longer be supported in PHPUnit 12. Update your test code to use attributes instead.

   WARN  Metadata found in doc-comment for method Tests\Feature\CompanyManagement\Services\CompanyFollowServiceTest::is_following_returns_true_when_following(). Metadata in doc-comments is deprecated and will no longer be supported in PHPUnit 12. Update your test code to use attributes instead.

   WARN  Metadata found in doc-comment for method Tests\Feature\CompanyManagement\Services\CompanyFollowServiceTest::is_following_returns_false_when_not_following(). Metadata in doc-comments is deprecated and will no longer be supported in PHPUnit 12. Update your test code to use attributes instead.

   WARN  Metadata found in doc-comment for method Tests\Feature\CompanyManagement\Services\CompanyFollowServiceTest::get_followed_companies_returns_collection_of_companies(). Metadata in doc-comments is deprecated and will no longer be supported in PHPUnit 12. Update your test code to use attributes instead.

   WARN  Metadata found in doc-comment for method Tests\Feature\CompanyManagement\Services\CompanyFollowServiceTest::get_followed_with_metadata_returns_with_followed_at(). Metadata in doc-comments is deprecated and will no longer be supported in PHPUnit 12. Update your test code to use attributes instead.

   WARN  Metadata found in doc-comment for method Tests\Feature\CompanyManagement\Services\CompanyFollowServiceTest::get_followed_count_returns_correct_count(). Metadata in doc-comments is deprecated and will no longer be supported in PHPUnit 12. Update your test code to use attributes instead.

   WARN  Metadata found in doc-comment for method Tests\Feature\CompanyManagement\Services\CompanyFollowServiceTest::get_followed_count_returns_zero_when_not_following_any(). Metadata in doc-comments is deprecated and will no longer be supported in PHPUnit 12. Update your test code to use attributes instead.

   WARN  Metadata found in doc-comment for method Tests\Feature\CompanyManagement\Services\CompanyFollowServiceTest::get_followers_returns_collection_of_users(). Metadata in doc-comments is deprecated and will no longer be supported in PHPUnit 12. Update your test code to use attributes instead.

   WARN  Metadata found in doc-comment for method Tests\Feature\CompanyManagement\Services\CompanyFollowServiceTest::get_followers_count_returns_correct_count(). Metadata in doc-comments is deprecated and will no longer be supported in PHPUnit 12. Update your test code to use attributes instead.

   WARN  Metadata found in doc-comment for method Tests\Feature\CompanyManagement\Services\CompanyFollowServiceTest::get_followers_count_returns_zero_when_no_followers(). Metadata in doc-comments is deprecated and will no longer be supported in PHPUnit 12. Update your test code to use attributes instead.

   WARN  Metadata found in doc-comment for method Tests\Feature\CompanyManagement\Services\CompanyFollowServiceTest::max_follows_constant_is_50(). Metadata in doc-comments is deprecated and will no longer be supported in PHPUnit 12. Update your test code to use attributes instead.

   WARN  Metadata found in doc-comment for method Tests\Feature\CompanyManagement\Services\CompanyRequestServiceTest::submit_creates_request_with_unique_request_code(). Metadata in doc-comments is deprecated and will no longer be supported in PHPUnit 12. Update your test code to use attributes instead.

   WARN  Metadata found in doc-comment for method Tests\Feature\CompanyManagement\Services\CompanyRequestServiceTest::approve_creates_company_user_and_assigns_role(). Metadata in doc-comments is deprecated and will no longer be supported in PHPUnit 12. Update your test code to use attributes instead.

   WARN  Metadata found in doc-comment for method Tests\Feature\CompanyManagement\Services\CompanyRequestServiceTest::approve_uses_existing_user_if_email_exists(). Metadata in doc-comments is deprecated and will no longer be supported in PHPUnit 12. Update your test code to use attributes instead.

   WARN  Metadata found in doc-comment for method Tests\Feature\CompanyManagement\Services\CompanyRequestServiceTest::approve_throws_exception_when_request_not_pending(). Metadata in doc-comments is deprecated and will no longer be supported in PHPUnit 12. Update your test code to use attributes instead.

   WARN  Metadata found in doc-comment for method Tests\Feature\CompanyManagement\Services\CompanyRequestServiceTest::reject_marks_request_as_rejected_with_reason(). Metadata in doc-comments is deprecated and will no longer be supported in PHPUnit 12. Update your test code to use attributes instead.

   WARN  Metadata found in doc-comment for method Tests\Feature\CompanyManagement\Services\CompanyRequestServiceTest::reject_throws_exception_when_request_not_pending(). Metadata in doc-comments is deprecated and will no longer be supported in PHPUnit 12. Update your test code to use attributes instead.

   WARN  Metadata found in doc-comment for method Tests\Feature\CompanyManagement\Services\CompanyRequestServiceTest::get_pending_returns_only_pending_requests(). Metadata in doc-comments is deprecated and will no longer be supported in PHPUnit 12. Update your test code to use attributes instead.

   WARN  Metadata found in doc-comment for method Tests\Feature\CompanyManagement\Services\CompanyRequestServiceTest::get_pending_respects_limit(). Metadata in doc-comments is deprecated and will no longer be supported in PHPUnit 12. Update your test code to use attributes instead.

   WARN  Metadata found in doc-comment for method Tests\Feature\CompanyManagement\Services\CompanyRequestServiceTest::get_all_returns_all_requests_when_no_status_filter(). Metadata in doc-comments is deprecated and will no longer be supported in PHPUnit 12. Update your test code to use attributes instead.

   WARN  Metadata found in doc-comment for method Tests\Feature\CompanyManagement\Services\CompanyRequestServiceTest::get_all_filters_by_status_when_provided(). Metadata in doc-comments is deprecated and will no longer be supported in PHPUnit 12. Update your test code to use attributes instead.

   WARN  Metadata found in doc-comment for method Tests\Feature\CompanyManagement\Services\CompanyRequestServiceTest::has_pending_request_returns_true_when_pending_exists(). Metadata in doc-comments is deprecated and will no longer be supported in PHPUnit 12. Update your test code to use attributes instead.

   WARN  Metadata found in doc-comment for method Tests\Feature\CompanyManagement\Services\CompanyRequestServiceTest::has_pending_request_returns_false_when_no_pending(). Metadata in doc-comments is deprecated and will no longer be supported in PHPUnit 12. Update your test code to use attributes instead.

   WARN  Metadata found in doc-comment for method Tests\Feature\CompanyManagement\Services\CompanyRequestServiceTest::has_pending_request_returns_false_when_email_not_found(). Metadata in doc-comments is deprecated and will no longer be supported in PHPUnit 12. Update your test code to use attributes instead.

   WARN  Metadata found in doc-comment for method Tests\Feature\CompanyManagement\Services\CompanyServiceTest::create_creates_company_with_unique_company_code(). Metadata in doc-comments is deprecated and will no longer be supported in PHPUnit 12. Update your test code to use attributes instead.

   WARN  Metadata found in doc-comment for method Tests\Feature\CompanyManagement\Services\CompanyServiceTest::update_updates_fields_correctly(). Metadata in doc-comments is deprecated and will no longer be supported in PHPUnit 12. Update your test code to use attributes instead.

   WARN  Metadata found in doc-comment for method Tests\Feature\CompanyManagement\Services\CompanyServiceTest::suspend_changes_status_to_suspended_and_deactivates_roles(). Metadata in doc-comments is deprecated and will no longer be supported in PHPUnit 12. Update your test code to use attributes instead.

   WARN  Metadata found in doc-comment for method Tests\Feature\CompanyManagement\Services\CompanyServiceTest::activate_changes_status_to_active(). Metadata in doc-comments is deprecated and will no longer be supported in PHPUnit 12. Update your test code to use attributes instead.

   WARN  Metadata found in doc-comment for method Tests\Feature\CompanyManagement\Services\CompanyServiceTest::get_stats_returns_correct_statistics(). Metadata in doc-comments is deprecated and will no longer be supported in PHPUnit 12. Update your test code to use attributes instead.

   WARN  Metadata found in doc-comment for method Tests\Feature\CompanyManagement\Services\CompanyServiceTest::find_by_id_returns_company(). Metadata in doc-comments is deprecated and will no longer be supported in PHPUnit 12. Update your test code to use attributes instead.

   WARN  Metadata found in doc-comment for method Tests\Feature\CompanyManagement\Services\CompanyServiceTest::find_by_id_returns_null_for_nonexistent(). Metadata in doc-comments is deprecated and will no longer be supported in PHPUnit 12. Update your test code to use attributes instead.

   WARN  Metadata found in doc-comment for method Tests\Feature\CompanyManagement\Services\CompanyServiceTest::find_by_code_returns_company(). Metadata in doc-comments is deprecated and will no longer be supported in PHPUnit 12. Update your test code to use attributes instead.

   WARN  Metadata found in doc-comment for method Tests\Feature\CompanyManagement\Services\CompanyServiceTest::find_by_code_returns_null_for_nonexistent(). Metadata in doc-comments is deprecated and will no longer be supported in PHPUnit 12. Update your test code to use attributes instead.

   WARN  Metadata found in doc-comment for method Tests\Feature\CompanyManagement\Services\CompanyServiceTest::get_active_returns_only_active_companies(). Metadata in doc-comments is deprecated and will no longer be supported in PHPUnit 12. Update your test code to use attributes instead.

   WARN  Metadata found in doc-comment for method Tests\Feature\CompanyManagement\Services\CompanyServiceTest::get_active_respects_limit(). Metadata in doc-comments is deprecated and will no longer be supported in PHPUnit 12. Update your test code to use attributes instead.

   WARN  Metadata found in doc-comment for method Tests\Feature\CompanyManagement\Services\CompanyServiceTest::is_admin_returns_true_when_user_is_admin(). Metadata in doc-comments is deprecated and will no longer be supported in PHPUnit 12. Update your test code to use attributes instead.

   WARN  Metadata found in doc-comment for method Tests\Feature\CompanyManagement\Services\CompanyServiceTest::is_admin_returns_false_when_user_is_not_admin(). Metadata in doc-comments is deprecated and will no longer be supported in PHPUnit 12. Update your test code to use attributes instead.

   WARN  Metadata found in doc-comment for method Tests\Feature\UserManagement\CompanyByIdBatchLoaderTest::user_with_multiple_company_roles_loads_all_companies_correctly(). Metadata in doc-comments is deprecated and will no longer be supported in PHPUnit 12. Update your test code to use attributes instead.

   WARN  Metadata found in doc-comment for method Tests\Feature\UserManagement\CompanyByIdBatchLoaderTest::multiple_users_with_different_companies_load_efficiently(). Metadata in doc-comments is deprecated and will no longer be supported in PHPUnit 12. Update your test code to use attributes instead.

   WARN  Metadata found in doc-comment for method Tests\Feature\UserManagement\CompanyByIdBatchLoaderTest::user_with_role_in_suspended_company_handles_status_correctly(). Metadata in doc-comments is deprecated and will no longer be supported in PHPUnit 12. Update your test code to use attributes instead.

   WARN  Metadata found in doc-comment for method Tests\Feature\UserManagement\Http\Controllers\ProfileControllerTest::show_returns_complete_profile_for_authenticated_user(). Metadata in doc-comments is deprecated and will no longer be supported in PHPUnit 12. Update your test code to use attributes instead.

   WARN  Metadata found in doc-comment for method Tests\Feature\UserManagement\Http\Controllers\ProfileControllerTest::show_requires_authentication(). Metadata in doc-comments is deprecated and will no longer be supported in PHPUnit 12. Update your test code to use attributes instead.

   WARN  Metadata found in doc-comment for method Tests\Feature\UserManagement\Http\Controllers\ProfileControllerTest::show_returns_null_for_optional_fields_when_not_set(). Metadata in doc-comments is deprecated and will no longer be supported in PHPUnit 12. Update your test code to use attributes instead.

   WARN  Metadata found in doc-comment for method Tests\Feature\UserManagement\Http\Controllers\ProfileControllerTest::show_display_name_is_automatically_generated(). Metadata in doc-comments is deprecated and will no longer be supported in PHPUnit 12. Update your test code to use attributes instead.

   WARN  Metadata found in doc-comment for method Tests\Feature\UserManagement\Http\Controllers\ProfileControllerTest::show_returns_default_values_for_preferences(). Metadata in doc-comments is deprecated and will no longer be supported in PHPUnit 12. Update your test code to use attributes instead.

   WARN  Metadata found in doc-comment for method Tests\Feature\UserManagement\Http\Controllers\ProfileControllerTest::show_is_useful_for_profile_edit_forms(). Metadata in doc-comments is deprecated and will no longer be supported in PHPUnit 12. Update your test code to use attributes instead.

   WARN  Metadata found in doc-comment for method Tests\Feature\UserManagement\Http\Controllers\ProfileControllerTest::show_is_useful_for_preferences_forms(). Metadata in doc-comments is deprecated and will no longer be supported in PHPUnit 12. Update your test code to use attributes instead.

   WARN  Metadata found in doc-comment for method Tests\Feature\UserManagement\Http\Controllers\ProfileControllerTest::show_timestamps_are_returned_in_iso_8601_format(). Metadata in doc-comments is deprecated and will no longer be supported in PHPUnit 12. Update your test code to use attributes instead.

   WARN  Metadata found in doc-comment for method Tests\Feature\UserManagement\Http\Controllers\ProfileControllerTest::update_can_update_profile_successfully(). Metadata in doc-comments is deprecated and will no longer be supported in PHPUnit 12. Update your test code to use attributes instead.

   WARN  Metadata found in doc-comment for method Tests\Feature\UserManagement\Http\Controllers\ProfileControllerTest::update_can_update_only_some_fields(). Metadata in doc-comments is deprecated and will no longer be supported in PHPUnit 12. Update your test code to use attributes instead.

   WARN  Metadata found in doc-comment for method Tests\Feature\UserManagement\Http\Controllers\ProfileControllerTest::update_first_name_must_have_minimum_2_characters(). Metadata in doc-comments is deprecated and will no longer be supported in PHPUnit 12. Update your test code to use attributes instead.

   WARN  Metadata found in doc-comment for method Tests\Feature\UserManagement\Http\Controllers\ProfileControllerTest::update_phone_number_must_be_valid_length(). Metadata in doc-comments is deprecated and will no longer be supported in PHPUnit 12. Update your test code to use attributes instead.

   WARN  Metadata found in doc-comment for method Tests\Feature\UserManagement\Http\Controllers\ProfileControllerTest::update_requires_authentication(). Metadata in doc-comments is deprecated and will no longer be supported in PHPUnit 12. Update your test code to use attributes instead.

   WARN  Metadata found in doc-comment for method Tests\Feature\UserManagement\Http\Controllers\ProfileControllerTest::update_display_name_updates_automatically(). Metadata in doc-comments is deprecated and will no longer be supported in PHPUnit 12. Update your test code to use attributes instead.

   WARN  Metadata found in doc-comment for method Tests\Feature\UserManagement\Http\Controllers\ProfileControllerTest::update_preferences_can_update_successfully(). Metadata in doc-comments is deprecated and will no longer be supported in PHPUnit 12. Update your test code to use attributes instead.

   WARN  Metadata found in doc-comment for method Tests\Feature\UserManagement\Http\Controllers\ProfileControllerTest::update_preferences_can_update_only_some_fields(). Metadata in doc-comments is deprecated and will no longer be supported in PHPUnit 12. Update your test code to use attributes instead.

   WARN  Metadata found in doc-comment for method Tests\Feature\UserManagement\Http\Controllers\ProfileControllerTest::update_preferences_theme_must_be_light_or_dark(). Metadata in doc-comments is deprecated and will no longer be supported in PHPUnit 12. Update your test code to use attributes instead.

   WARN  Metadata found in doc-comment for method Tests\Feature\UserManagement\Http\Controllers\ProfileControllerTest::update_preferences_language_must_be_es_or_en(). Metadata in doc-comments is deprecated and will no longer be supported in PHPUnit 12. Update your test code to use attributes instead.

   WARN  Metadata found in doc-comment for method Tests\Feature\UserManagement\Http\Controllers\ProfileControllerTest::update_preferences_can_change_only_theme_for_dark_mode_toggle(). Metadata in doc-comments is deprecated and will no longer be supported in PHPUnit 12. Update your test code to use attributes instead.

   WARN  Metadata found in doc-comment for method Tests\Feature\UserManagement\Http\Controllers\ProfileControllerTest::update_preferences_can_change_only_language_for_language_selector(). Metadata in doc-comments is deprecated and will no longer be supported in PHPUnit 12. Update your test code to use attributes instead.

   WARN  Metadata found in doc-comment for method Tests\Feature\UserManagement\Http\Controllers\ProfileControllerTest::update_preferences_can_toggle_web_push_notifications(). Metadata in doc-comments is deprecated and will no longer be supported in PHPUnit 12. Update your test code to use attributes instead.

   WARN  Metadata found in doc-comment for method Tests\Feature\UserManagement\Http\Controllers\ProfileControllerTest::update_preferences_can_toggle_ticket_notifications(). Metadata in doc-comments is deprecated and will no longer be supported in PHPUnit 12. Update your test code to use attributes instead.

   WARN  Metadata found in doc-comment for method Tests\Feature\UserManagement\Http\Controllers\ProfileControllerTest::update_preferences_requires_authentication(). Metadata in doc-comments is deprecated and will no longer be supported in PHPUnit 12. Update your test code to use attributes instead.

   WARN  Metadata found in doc-comment for method Tests\Feature\UserManagement\Http\Controllers\ProfileControllerTest::update_preferences_returns_only_preferences_not_complete_user(). Metadata in doc-comments is deprecated and will no longer be supported in PHPUnit 12. Update your test code to use attributes instead.

   WARN  Metadata found in doc-comment for method Tests\Feature\UserManagement\Http\Controllers\ProfileControllerTest::update_preferences_updated_at_is_updated_correctly(). Metadata in doc-comments is deprecated and will no longer be supported in PHPUnit 12. Update your test code to use attributes instead.

   WARN  Metadata found in doc-comment for method Tests\Feature\UserManagement\Http\Controllers\ProfileControllerTest::update_preferences_timezone_accepts_valid_iana_values(). Metadata in doc-comments is deprecated and will no longer be supported in PHPUnit 12. Update your test code to use attributes instead.

   WARN  Metadata found in doc-comment for method Tests\Feature\UserManagement\Http\Controllers\ProfileControllerTest::update_preferences_is_independent_from_update_profile(). Metadata in doc-comments is deprecated and will no longer be supported in PHPUnit 12. Update your test code to use attributes instead.

   WARN  Metadata found in doc-comment for method Tests\Feature\UserManagement\Http\Controllers\RoleControllerTest::admin_can_get_available_roles_list(). Metadata in doc-comments is deprecated and will no longer be supported in PHPUnit 12. Update your test code to use attributes instead.

   WARN  Metadata found in doc-comment for method Tests\Feature\UserManagement\Http\Controllers\RoleControllerTest::returns_four_basic_system_roles(). Metadata in doc-comments is deprecated and will no longer be supported in PHPUnit 12. Update your test code to use attributes instead.

   WARN  Metadata found in doc-comment for method Tests\Feature\UserManagement\Http\Controllers\RoleControllerTest::user_and_platform_admin_do_not_require_company(). Metadata in doc-comments is deprecated and will no longer be supported in PHPUnit 12. Update your test code to use attributes instead.

   WARN  Metadata found in doc-comment for method Tests\Feature\UserManagement\Http\Controllers\RoleControllerTest::agent_and_company_admin_require_company(). Metadata in doc-comments is deprecated and will no longer be supported in PHPUnit 12. Update your test code to use attributes instead.

   WARN  Metadata found in doc-comment for method Tests\Feature\UserManagement\Http\Controllers\RoleControllerTest::each_role_has_default_dashboard(). Metadata in doc-comments is deprecated and will no longer be supported in PHPUnit 12. Update your test code to use attributes instead.

   WARN  Metadata found in doc-comment for method Tests\Feature\UserManagement\Http\Controllers\RoleControllerTest::basic_roles_are_marked_as_system_roles(). Metadata in doc-comments is deprecated and will no longer be supported in PHPUnit 12. Update your test code to use attributes instead.

   WARN  Metadata found in doc-comment for method Tests\Feature\UserManagement\Http\Controllers\RoleControllerTest::each_role_has_readable_description(). Metadata in doc-comments is deprecated and will no longer be supported in PHPUnit 12. Update your test code to use attributes instead.

   WARN  Metadata found in doc-comment for method Tests\Feature\UserManagement\Http\Controllers\RoleControllerTest::company_admin_can_also_access_list(). Metadata in doc-comments is deprecated and will no longer be supported in PHPUnit 12. Update your test code to use attributes instead.

   WARN  Metadata found in doc-comment for method Tests\Feature\UserManagement\Http\Controllers\RoleControllerTest::regular_user_cannot_access_list(). Metadata in doc-comments is deprecated and will no longer be supported in PHPUnit 12. Update your test code to use attributes instead.

   WARN  Metadata found in doc-comment for method Tests\Feature\UserManagement\Http\Controllers\RoleControllerTest::index_requires_authentication(). Metadata in doc-comments is deprecated and will no longer be supported in PHPUnit 12. Update your test code to use attributes instead.

   WARN  Metadata found in doc-comment for method Tests\Feature\UserManagement\Http\Controllers\RoleControllerTest::list_is_useful_for_role_selectors(). Metadata in doc-comments is deprecated and will no longer be supported in PHPUnit 12. Update your test code to use attributes instead.

   WARN  Metadata found in doc-comment for method Tests\Feature\UserManagement\Http\Controllers\RoleControllerTest::list_is_useful_for_role_assignment_validation(). Metadata in doc-comments is deprecated and will no longer be supported in PHPUnit 12. Update your test code to use attributes instead.

   WARN  Metadata found in doc-comment for method Tests\Feature\UserManagement\Http\Controllers\RoleControllerTest::roles_are_consistently_ordered(). Metadata in doc-comments is deprecated and will no longer be supported in PHPUnit 12. Update your test code to use attributes instead.

   WARN  Metadata found in doc-comment for method Tests\Feature\UserManagement\Http\Controllers\RoleControllerTest::platform_admin_can_assign_role_successfully(). Metadata in doc-comments is deprecated and will no longer be supported in PHPUnit 12. Update your test code to use attributes instead.

   WARN  Metadata found in doc-comment for method Tests\Feature\UserManagement\Http\Controllers\RoleControllerTest::agent_role_requires_company(). Metadata in doc-comments is deprecated and will no longer be supported in PHPUnit 12. Update your test code to use attributes instead.

   WARN  Metadata found in doc-comment for method Tests\Feature\UserManagement\Http\Controllers\RoleControllerTest::user_role_should_not_have_company(). Metadata in doc-comments is deprecated and will no longer be supported in PHPUnit 12. Update your test code to use attributes instead.

   WARN  Metadata found in doc-comment for method Tests\Feature\UserManagement\Http\Controllers\RoleControllerTest::reactivates_inactive_role_intelligently(). Metadata in doc-comments is deprecated and will no longer be supported in PHPUnit 12. Update your test code to use attributes instead.

   WARN  Metadata found in doc-comment for method Tests\Feature\UserManagement\Http\Controllers\RoleControllerTest::cannot_assign_already_active_role(). Metadata in doc-comments is deprecated and will no longer be supported in PHPUnit 12. Update your test code to use attributes instead.

   WARN  Metadata found in doc-comment for method Tests\Feature\UserManagement\Http\Controllers\RoleControllerTest::assign_requires_admin_role(). Metadata in doc-comments is deprecated and will no longer be supported in PHPUnit 12. Update your test code to use attributes instead.

   WARN  Metadata found in doc-comment for method Tests\Feature\UserManagement\Http\Controllers\RoleControllerTest::assign_requires_authentication(). Metadata in doc-comments is deprecated and will no longer be supported in PHPUnit 12. Update your test code to use attributes instead.

   WARN  Metadata found in doc-comment for method Tests\Feature\UserManagement\Http\Controllers\RoleControllerTest::company_admin_can_assign_roles_in_their_company(). Metadata in doc-comments is deprecated and will no longer be supported in PHPUnit 12. Update your test code to use attributes instead.

   WARN  Metadata found in doc-comment for method Tests\Feature\UserManagement\Http\Controllers\RoleControllerTest::assign_has_rate_limiting(). Metadata in doc-comments is deprecated and will no longer be supported in PHPUnit 12. Update your test code to use attributes instead.

   WARN  Metadata found in doc-comment for method Tests\Feature\UserManagement\Http\Controllers\RoleControllerTest::assign_validates_required_fields(). Metadata in doc-comments is deprecated and will no longer be supported in PHPUnit 12. Update your test code to use attributes instead.

   WARN  Metadata found in doc-comment for method Tests\Feature\UserManagement\Http\Controllers\RoleControllerTest::assign_validates_invalid_role_code(). Metadata in doc-comments is deprecated and will no longer be supported in PHPUnit 12. Update your test code to use attributes instead.

   WARN  Metadata found in doc-comment for method Tests\Feature\UserManagement\Http\Controllers\RoleControllerTest::platform_admin_can_remove_role_successfully(). Metadata in doc-comments is deprecated and will no longer be supported in PHPUnit 12. Update your test code to use attributes instead.

   WARN  Metadata found in doc-comment for method Tests\Feature\UserManagement\Http\Controllers\RoleControllerTest::performs_soft_delete_not_hard_delete(). Metadata in doc-comments is deprecated and will no longer be supported in PHPUnit 12. Update your test code to use attributes instead.

   WARN  Metadata found in doc-comment for method Tests\Feature\UserManagement\Http\Controllers\RoleControllerTest::reason_is_optional_but_recommended(). Metadata in doc-comments is deprecated and will no longer be supported in PHPUnit 12. Update your test code to use attributes instead.

   WARN  Metadata found in doc-comment for method Tests\Feature\UserManagement\Http\Controllers\RoleControllerTest::reason_is_recorded_for_audit(). Metadata in doc-comments is deprecated and will no longer be supported in PHPUnit 12. Update your test code to use attributes instead.

   WARN  Metadata found in doc-comment for method Tests\Feature\UserManagement\Http\Controllers\RoleControllerTest::company_admin_can_remove_roles_in_their_company(). Metadata in doc-comments is deprecated and will no longer be supported in PHPUnit 12. Update your test code to use attributes instead.

   WARN  Metadata found in doc-comment for method Tests\Feature\UserManagement\Http\Controllers\RoleControllerTest::company_admin_cannot_remove_roles_from_other_companies(). Metadata in doc-comments is deprecated and will no longer be supported in PHPUnit 12. Update your test code to use attributes instead.

   WARN  Metadata found in doc-comment for method Tests\Feature\UserManagement\Http\Controllers\RoleControllerTest::regular_user_cannot_remove_roles(). Metadata in doc-comments is deprecated and will no longer be supported in PHPUnit 12. Update your test code to use attributes instead.

   WARN  Metadata found in doc-comment for method Tests\Feature\UserManagement\Http\Controllers\RoleControllerTest::remove_requires_authentication(). Metadata in doc-comments is deprecated and will no longer be supported in PHPUnit 12. Update your test code to use attributes instead.

   WARN  Metadata found in doc-comment for method Tests\Feature\UserManagement\Http\Controllers\RoleControllerTest::cannot_remove_nonexistent_role(). Metadata in doc-comments is deprecated and will no longer be supported in PHPUnit 12. Update your test code to use attributes instead.

   WARN  Metadata found in doc-comment for method Tests\Feature\UserManagement\Http\Controllers\RoleControllerTest::revoked_at_timestamp_is_recorded(). Metadata in doc-comments is deprecated and will no longer be supported in PHPUnit 12. Update your test code to use attributes instead.

   WARN  Metadata found in doc-comment for method Tests\Feature\UserManagement\Http\Controllers\RoleControllerTest::removed_role_can_be_reactivated_with_assign(). Metadata in doc-comments is deprecated and will no longer be supported in PHPUnit 12. Update your test code to use attributes instead.

   WARN  Metadata found in doc-comment for method Tests\Feature\UserManagement\Http\Controllers\RoleControllerTest::user_with_removed_role_loses_access(). Metadata in doc-comments is deprecated and will no longer be supported in PHPUnit 12. Update your test code to use attributes instead.

   WARN  Metadata found in doc-comment for method Tests\Feature\UserManagement\Http\Controllers\RoleControllerTest::can_remove_multiple_roles_from_same_user(). Metadata in doc-comments is deprecated and will no longer be supported in PHPUnit 12. Update your test code to use attributes instead.

   WARN  Metadata found in doc-comment for method Tests\Feature\UserManagement\Http\Controllers\RoleControllerTest::common_use_cases_with_descriptive_reasons(). Metadata in doc-comments is deprecated and will no longer be supported in PHPUnit 12. Update your test code to use attributes instead.

   WARN  Metadata found in doc-comment for method Tests\Feature\UserManagement\Http\Controllers\UserControllerTest::test_me_returns_authenticated_user_complete_information(). Metadata in doc-comments is deprecated and will no longer be supported in PHPUnit 12. Update your test code to use attributes instead.

   WARN  Metadata found in doc-comment for method Tests\Feature\UserManagement\Http\Controllers\UserControllerTest::test_me_requires_authentication(). Metadata in doc-comments is deprecated and will no longer be supported in PHPUnit 12. Update your test code to use attributes instead.

   WARN  Metadata found in doc-comment for method Tests\Feature\UserManagement\Http\Controllers\UserControllerTest::test_me_with_multiple_roles_returns_all_contexts(). Metadata in doc-comments is deprecated and will no longer be supported in PHPUnit 12. Update your test code to use attributes instead.

   WARN  Metadata found in doc-comment for method Tests\Feature\UserManagement\Http\Controllers\UserControllerTest::test_me_average_rating_null_without_resolved_tickets(). Metadata in doc-comments is deprecated and will no longer be supported in PHPUnit 12. Update your test code to use attributes instead.

   WARN  Metadata found in doc-comment for method Tests\Feature\UserManagement\Http\Controllers\UserControllerTest::test_index_platform_admin_can_list_all_users(). Metadata in doc-comments is deprecated and will no longer be supported in PHPUnit 12. Update your test code to use attributes instead.

   WARN  Metadata found in doc-comment for method Tests\Feature\UserManagement\Http\Controllers\UserControllerTest::test_index_can_filter_by_search_text(). Metadata in doc-comments is deprecated and will no longer be supported in PHPUnit 12. Update your test code to use attributes instead.

   WARN  Metadata found in doc-comment for method Tests\Feature\UserManagement\Http\Controllers\UserControllerTest::test_index_can_filter_by_status(). Metadata in doc-comments is deprecated and will no longer be supported in PHPUnit 12. Update your test code to use attributes instead.

   WARN  Metadata found in doc-comment for method Tests\Feature\UserManagement\Http\Controllers\UserControllerTest::test_index_can_filter_by_role(). Metadata in doc-comments is deprecated and will no longer be supported in PHPUnit 12. Update your test code to use attributes instead.

   WARN  Metadata found in doc-comment for method Tests\Feature\UserManagement\Http\Controllers\UserControllerTest::test_index_company_admin_only_sees_their_company_users(). Metadata in doc-comments is deprecated and will no longer be supported in PHPUnit 12. Update your test code to use attributes instead.

   WARN  Metadata found in doc-comment for method Tests\Feature\UserManagement\Http\Controllers\UserControllerTest::test_index_can_order_by_different_fields(). Metadata in doc-comments is deprecated and will no longer be supported in PHPUnit 12. Update your test code to use attributes instead.

   WARN  Metadata found in doc-comment for method Tests\Feature\UserManagement\Http\Controllers\UserControllerTest::test_index_respects_maximum_limit_of_50_per_page(). Metadata in doc-comments is deprecated and will no longer be supported in PHPUnit 12. Update your test code to use attributes instead.

   WARN  Metadata found in doc-comment for method Tests\Feature\UserManagement\Http\Controllers\UserControllerTest::test_index_requires_admin_role(). Metadata in doc-comments is deprecated and will no longer be supported in PHPUnit 12. Update your test code to use attributes instead.

   WARN  Metadata found in doc-comment for method Tests\Feature\UserManagement\Http\Controllers\UserControllerTest::test_index_requires_authentication(). Metadata in doc-comments is deprecated and will no longer be supported in PHPUnit 12. Update your test code to use attributes instead.

   WARN  Metadata found in doc-comment for method Tests\Feature\UserManagement\Http\Controllers\UserControllerTest::test_show_platform_admin_can_view_complete_user_information(). Metadata in doc-comments is deprecated and will no longer be supported in PHPUnit 12. Update your test code to use attributes instead.

   WARN  Metadata found in doc-comment for method Tests\Feature\UserManagement\Http\Controllers\UserControllerTest::test_show_structure_is_identical_to_me_endpoint(). Metadata in doc-comments is deprecated and will no longer be supported in PHPUnit 12. Update your test code to use attributes instead.

   WARN  Metadata found in doc-comment for method Tests\Feature\UserManagement\Http\Controllers\UserControllerTest::test_show_company_admin_can_view_users_from_their_company(). Metadata in doc-comments is deprecated and will no longer be supported in PHPUnit 12. Update your test code to use attributes instead.

   WARN  Metadata found in doc-comment for method Tests\Feature\UserManagement\Http\Controllers\UserControllerTest::test_show_company_admin_cannot_view_users_from_other_companies(). Metadata in doc-comments is deprecated and will no longer be supported in PHPUnit 12. Update your test code to use attributes instead.

   WARN  Metadata found in doc-comment for method Tests\Feature\UserManagement\Http\Controllers\UserControllerTest::test_show_regular_user_cannot_view_other_users(). Metadata in doc-comments is deprecated and will no longer be supported in PHPUnit 12. Update your test code to use attributes instead.

   WARN  Metadata found in doc-comment for method Tests\Feature\UserManagement\Http\Controllers\UserControllerTest::test_show_requires_authentication(). Metadata in doc-comments is deprecated and will no longer be supported in PHPUnit 12. Update your test code to use attributes instead.

   WARN  Metadata found in doc-comment for method Tests\Feature\UserManagement\Http\Controllers\UserControllerTest::test_show_returns_404_if_user_not_found(). Metadata in doc-comments is deprecated and will no longer be supported in PHPUnit 12. Update your test code to use attributes instead.

   WARN  Metadata found in doc-comment for method Tests\Feature\UserManagement\Http\Controllers\UserControllerTest::test_show_user_can_view_themselves(). Metadata in doc-comments is deprecated and will no longer be supported in PHPUnit 12. Update your test code to use attributes instead.

   WARN  Metadata found in doc-comment for method Tests\Feature\UserManagement\Http\Controllers\UserControllerTest::test_show_user_with_multiple_roles_returns_all_contexts(). Metadata in doc-comments is deprecated and will no longer be supported in PHPUnit 12. Update your test code to use attributes instead.

   WARN  Metadata found in doc-comment for method Tests\Feature\UserManagement\Http\Controllers\UserControllerTest::test_show_average_rating_null_without_resolved_tickets(). Metadata in doc-comments is deprecated and will no longer be supported in PHPUnit 12. Update your test code to use attributes instead.

   WARN  Metadata found in doc-comment for method Tests\Feature\UserManagement\Http\Controllers\UserControllerTest::test_update_status_platform_admin_can_suspend_user(). Metadata in doc-comments is deprecated and will no longer be supported in PHPUnit 12. Update your test code to use attributes instead.

   WARN  Metadata found in doc-comment for method Tests\Feature\UserManagement\Http\Controllers\UserControllerTest::test_update_status_platform_admin_can_activate_user(). Metadata in doc-comments is deprecated and will no longer be supported in PHPUnit 12. Update your test code to use attributes instead.

   WARN  Metadata found in doc-comment for method Tests\Feature\UserManagement\Http\Controllers\UserControllerTest::test_update_status_reason_is_optional(). Metadata in doc-comments is deprecated and will no longer be supported in PHPUnit 12. Update your test code to use attributes instead.

   WARN  Metadata found in doc-comment for method Tests\Feature\UserManagement\Http\Controllers\UserControllerTest::test_update_status_company_admin_cannot_change_status(). Metadata in doc-comments is deprecated and will no longer be supported in PHPUnit 12. Update your test code to use attributes instead.

   WARN  Metadata found in doc-comment for method Tests\Feature\UserManagement\Http\Controllers\UserControllerTest::test_update_status_regular_user_cannot_change_status(). Metadata in doc-comments is deprecated and will no longer be supported in PHPUnit 12. Update your test code to use attributes instead.

   WARN  Metadata found in doc-comment for method Tests\Feature\UserManagement\Http\Controllers\UserControllerTest::test_update_status_requires_authentication(). Metadata in doc-comments is deprecated and will no longer be supported in PHPUnit 12. Update your test code to use attributes instead.

   WARN  Metadata found in doc-comment for method Tests\Feature\UserManagement\Http\Controllers\UserControllerTest::test_update_status_validates_status_required(). Metadata in doc-comments is deprecated and will no longer be supported in PHPUnit 12. Update your test code to use attributes instead.

   WARN  Metadata found in doc-comment for method Tests\Feature\UserManagement\Http\Controllers\UserControllerTest::test_update_status_validates_status_valid(). Metadata in doc-comments is deprecated and will no longer be supported in PHPUnit 12. Update your test code to use attributes instead.

   WARN  Metadata found in doc-comment for method Tests\Feature\UserManagement\Http\Controllers\UserControllerTest::test_update_status_returns_status_payload_not_complete_user(). Metadata in doc-comments is deprecated and will no longer be supported in PHPUnit 12. Update your test code to use attributes instead.

   WARN  Metadata found in doc-comment for method Tests\Feature\UserManagement\Http\Controllers\UserControllerTest::test_update_status_complete_flow_suspend_then_activate(). Metadata in doc-comments is deprecated and will no longer be supported in PHPUnit 12. Update your test code to use attributes instead.

   WARN  Metadata found in doc-comment for method Tests\Feature\UserManagement\Http\Controllers\UserControllerTest::test_destroy_platform_admin_can_delete_user(). Metadata in doc-comments is deprecated and will no longer be supported in PHPUnit 12. Update your test code to use attributes instead.

   WARN  Metadata found in doc-comment for method Tests\Feature\UserManagement\Http\Controllers\UserControllerTest::test_destroy_reason_is_optional(). Metadata in doc-comments is deprecated and will no longer be supported in PHPUnit 12. Update your test code to use attributes instead.

   WARN  Metadata found in doc-comment for method Tests\Feature\UserManagement\Http\Controllers\UserControllerTest::test_destroy_performs_soft_delete_not_hard_delete(). Metadata in doc-comments is deprecated and will no longer be supported in PHPUnit 12. Update your test code to use attributes instead.

   WARN  Metadata found in doc-comment for method Tests\Feature\UserManagement\Http\Controllers\UserControllerTest::test_destroy_company_admin_cannot_delete_users(). Metadata in doc-comments is deprecated and will no longer be supported in PHPUnit 12. Update your test code to use attributes instead.

   WARN  Metadata found in doc-comment for method Tests\Feature\UserManagement\Http\Controllers\UserControllerTest::test_destroy_regular_user_cannot_delete_users(). Metadata in doc-comments is deprecated and will no longer be supported in PHPUnit 12. Update your test code to use attributes instead.

   WARN  Metadata found in doc-comment for method Tests\Feature\UserManagement\Http\Controllers\UserControllerTest::test_destroy_requires_authentication(). Metadata in doc-comments is deprecated and will no longer be supported in PHPUnit 12. Update your test code to use attributes instead.

   WARN  Metadata found in doc-comment for method Tests\Feature\UserManagement\Http\Controllers\UserControllerTest::test_destroy_returns_404_if_user_not_found(). Metadata in doc-comments is deprecated and will no longer be supported in PHPUnit 12. Update your test code to use attributes instead.

   WARN  Metadata found in doc-comment for method Tests\Feature\UserManagement\Http\Controllers\UserControllerTest::test_destroy_user_cannot_delete_themselves(). Metadata in doc-comments is deprecated and will no longer be supported in PHPUnit 12. Update your test code to use attributes instead.

   WARN  Metadata found in doc-comment for method Tests\Feature\UserManagement\Http\Controllers\UserControllerTest::test_destroy_profile_remains_accessible_for_audit(). Metadata in doc-comments is deprecated and will no longer be supported in PHPUnit 12. Update your test code to use attributes instead.

   WARN  Metadata found in doc-comment for method Tests\Feature\UserManagement\Http\Controllers\UserControllerTest::test_destroy_roles_are_maintained_for_audit(). Metadata in doc-comments is deprecated and will no longer be supported in PHPUnit 12. Update your test code to use attributes instead.

   WARN  Metadata found in doc-comment for method Tests\Feature\UserManagement\Http\Controllers\UserControllerTest::test_destroy_can_delete_already_suspended_user(). Metadata in doc-comments is deprecated and will no longer be supported in PHPUnit 12. Update your test code to use attributes instead.

   WARN  Metadata found in doc-comment for method Tests\Feature\UserManagement\Http\Controllers\UserControllerTest::test_destroy_deleted_at_timestamp_is_recorded(). Metadata in doc-comments is deprecated and will no longer be supported in PHPUnit 12. Update your test code to use attributes instead.

   WARN  Metadata found in doc-comment for method Tests\Feature\UserManagement\Http\Controllers\UserControllerTest::test_destroy_gdpr_right_to_be_forgotten(). Metadata in doc-comments is deprecated and will no longer be supported in PHPUnit 12. Update your test code to use attributes instead.

   WARN  Metadata found in doc-comment for method Tests\Feature\UserManagement\AssignRoleMutationTest::platform_admin_can_assign_role_successfully(). Metadata in doc-comments is deprecated and will no longer be supported in PHPUnit 12. Update your test code to use attributes instead.

   WARN  Metadata found in doc-comment for method Tests\Feature\UserManagement\AssignRoleMutationTest::agent_role_requires_company(). Metadata in doc-comments is deprecated and will no longer be supported in PHPUnit 12. Update your test code to use attributes instead.

   WARN  Metadata found in doc-comment for method Tests\Feature\UserManagement\AssignRoleMutationTest::user_role_should_not_have_company(). Metadata in doc-comments is deprecated and will no longer be supported in PHPUnit 12. Update your test code to use attributes instead.

   WARN  Metadata found in doc-comment for method Tests\Feature\UserManagement\AssignRoleMutationTest::reactivates_inactive_role_intelligently(). Metadata in doc-comments is deprecated and will no longer be supported in PHPUnit 12. Update your test code to use attributes instead.

   WARN  Metadata found in doc-comment for method Tests\Feature\UserManagement\AssignRoleMutationTest::cannot_assign_already_active_role(). Metadata in doc-comments is deprecated and will no longer be supported in PHPUnit 12. Update your test code to use attributes instead.

   WARN  Metadata found in doc-comment for method Tests\Feature\UserManagement\AssignRoleMutationTest::mutation_requires_admin_role(). Metadata in doc-comments is deprecated and will no longer be supported in PHPUnit 12. Update your test code to use attributes instead.

   WARN  Metadata found in doc-comment for method Tests\Feature\UserManagement\AssignRoleMutationTest::mutation_requires_authentication(). Metadata in doc-comments is deprecated and will no longer be supported in PHPUnit 12. Update your test code to use attributes instead.

   WARN  Metadata found in doc-comment for method Tests\Feature\UserManagement\AssignRoleMutationTest::company_admin_can_assign_roles_in_their_company(). Metadata in doc-comments is deprecated and will no longer be supported in PHPUnit 12. Update your test code to use attributes instead.

   WARN  Metadata found in doc-comment for method Tests\Feature\UserManagement\DeleteUserMutationTest::platform_admin_can_delete_user_successfully(). Metadata in doc-comments is deprecated and will no longer be supported in PHPUnit 12. Update your test code to use attributes instead.

   WARN  Metadata found in doc-comment for method Tests\Feature\UserManagement\DeleteUserMutationTest::reason_is_optional_but_recommended(). Metadata in doc-comments is deprecated and will no longer be supported in PHPUnit 12. Update your test code to use attributes instead.

   WARN  Metadata found in doc-comment for method Tests\Feature\UserManagement\DeleteUserMutationTest::reason_can_be_provided_for_legal_compliance(). Metadata in doc-comments is deprecated and will no longer be supported in PHPUnit 12. Update your test code to use attributes instead.

   WARN  Metadata found in doc-comment for method Tests\Feature\UserManagement\DeleteUserMutationTest::performs_soft_delete_not_hard_delete(). Metadata in doc-comments is deprecated and will no longer be supported in PHPUnit 12. Update your test code to use attributes instead.

   WARN  Metadata found in doc-comment for method Tests\Feature\UserManagement\DeleteUserMutationTest::company_admin_cannot_delete_users(). Metadata in doc-comments is deprecated and will no longer be supported in PHPUnit 12. Update your test code to use attributes instead.

   WARN  Metadata found in doc-comment for method Tests\Feature\UserManagement\DeleteUserMutationTest::regular_user_cannot_delete_users(). Metadata in doc-comments is deprecated and will no longer be supported in PHPUnit 12. Update your test code to use attributes instead.

   WARN  Metadata found in doc-comment for method Tests\Feature\UserManagement\DeleteUserMutationTest::mutation_requires_authentication(). Metadata in doc-comments is deprecated and will no longer be supported in PHPUnit 12. Update your test code to use attributes instead.

   WARN  Metadata found in doc-comment for method Tests\Feature\UserManagement\DeleteUserMutationTest::cannot_delete_nonexistent_user(). Metadata in doc-comments is deprecated and will no longer be supported in PHPUnit 12. Update your test code to use attributes instead.

   WARN  Metadata found in doc-comment for method Tests\Feature\UserManagement\DeleteUserMutationTest::user_cannot_delete_themselves(). Metadata in doc-comments is deprecated and will no longer be supported in PHPUnit 12. Update your test code to use attributes instead.

   WARN  Metadata found in doc-comment for method Tests\Feature\UserManagement\DeleteUserMutationTest::returns_boolean_true_on_success(). Metadata in doc-comments is deprecated and will no longer be supported in PHPUnit 12. Update your test code to use attributes instead.

   WARN  Metadata found in doc-comment for method Tests\Feature\UserManagement\DeleteUserMutationTest::profile_remains_accessible_for_audit(). Metadata in doc-comments is deprecated and will no longer be supported in PHPUnit 12. Update your test code to use attributes instead.

   WARN  Metadata found in doc-comment for method Tests\Feature\UserManagement\DeleteUserMutationTest::roles_are_maintained_for_audit(). Metadata in doc-comments is deprecated and will no longer be supported in PHPUnit 12. Update your test code to use attributes instead.

   WARN  Metadata found in doc-comment for method Tests\Feature\UserManagement\DeleteUserMutationTest::gdpr_right_to_be_forgotten_use_case(). Metadata in doc-comments is deprecated and will no longer be supported in PHPUnit 12. Update your test code to use attributes instead.

   WARN  Metadata found in doc-comment for method Tests\Feature\UserManagement\DeleteUserMutationTest::can_delete_already_suspended_user(). Metadata in doc-comments is deprecated and will no longer be supported in PHPUnit 12. Update your test code to use attributes instead.

   WARN  Metadata found in doc-comment for method Tests\Feature\UserManagement\DeleteUserMutationTest::deleted_at_timestamp_is_recorded(). Metadata in doc-comments is deprecated and will no longer be supported in PHPUnit 12. Update your test code to use attributes instead.

   WARN  Metadata found in doc-comment for method Tests\Feature\UserManagement\RemoveRoleMutationTest::platform_admin_can_remove_role_successfully(). Metadata in doc-comments is deprecated and will no longer be supported in PHPUnit 12. Update your test code to use attributes instead.

   WARN  Metadata found in doc-comment for method Tests\Feature\UserManagement\RemoveRoleMutationTest::performs_soft_delete_not_hard_delete(). Metadata in doc-comments is deprecated and will no longer be supported in PHPUnit 12. Update your test code to use attributes instead.

   WARN  Metadata found in doc-comment for method Tests\Feature\UserManagement\RemoveRoleMutationTest::reason_is_optional_but_recommended(). Metadata in doc-comments is deprecated and will no longer be supported in PHPUnit 12. Update your test code to use attributes instead.

   WARN  Metadata found in doc-comment for method Tests\Feature\UserManagement\RemoveRoleMutationTest::reason_is_recorded_for_audit(). Metadata in doc-comments is deprecated and will no longer be supported in PHPUnit 12. Update your test code to use attributes instead.

   WARN  Metadata found in doc-comment for method Tests\Feature\UserManagement\RemoveRoleMutationTest::company_admin_can_remove_roles_in_their_company(). Metadata in doc-comments is deprecated and will no longer be supported in PHPUnit 12. Update your test code to use attributes instead.

   WARN  Metadata found in doc-comment for method Tests\Feature\UserManagement\RemoveRoleMutationTest::company_admin_cannot_remove_roles_from_other_companies(). Metadata in doc-comments is deprecated and will no longer be supported in PHPUnit 12. Update your test code to use attributes instead.

   WARN  Metadata found in doc-comment for method Tests\Feature\UserManagement\RemoveRoleMutationTest::regular_user_cannot_remove_roles(). Metadata in doc-comments is deprecated and will no longer be supported in PHPUnit 12. Update your test code to use attributes instead.

   WARN  Metadata found in doc-comment for method Tests\Feature\UserManagement\RemoveRoleMutationTest::mutation_requires_authentication(). Metadata in doc-comments is deprecated and will no longer be supported in PHPUnit 12. Update your test code to use attributes instead.

   WARN  Metadata found in doc-comment for method Tests\Feature\UserManagement\RemoveRoleMutationTest::cannot_remove_nonexistent_role(). Metadata in doc-comments is deprecated and will no longer be supported in PHPUnit 12. Update your test code to use attributes instead.

   WARN  Metadata found in doc-comment for method Tests\Feature\UserManagement\RemoveRoleMutationTest::revoked_at_timestamp_is_recorded(). Metadata in doc-comments is deprecated and will no longer be supported in PHPUnit 12. Update your test code to use attributes instead.

   WARN  Metadata found in doc-comment for method Tests\Feature\UserManagement\RemoveRoleMutationTest::removed_role_can_be_reactivated_with_assign_role(). Metadata in doc-comments is deprecated and will no longer be supported in PHPUnit 12. Update your test code to use attributes instead.

   WARN  Metadata found in doc-comment for method Tests\Feature\UserManagement\RemoveRoleMutationTest::user_with_removed_role_loses_access(). Metadata in doc-comments is deprecated and will no longer be supported in PHPUnit 12. Update your test code to use attributes instead.

   WARN  Metadata found in doc-comment for method Tests\Feature\UserManagement\RemoveRoleMutationTest::can_remove_multiple_roles_from_same_user(). Metadata in doc-comments is deprecated and will no longer be supported in PHPUnit 12. Update your test code to use attributes instead.

   WARN  Metadata found in doc-comment for method Tests\Feature\UserManagement\RemoveRoleMutationTest::common_use_cases_with_descriptive_reasons(). Metadata in doc-comments is deprecated and will no longer be supported in PHPUnit 12. Update your test code to use attributes instead.

   WARN  Metadata found in doc-comment for method Tests\Feature\UserManagement\RemoveRoleMutationTest::returns_boolean_true_on_success(). Metadata in doc-comments is deprecated and will no longer be supported in PHPUnit 12. Update your test code to use attributes instead.

   WARN  Metadata found in doc-comment for method Tests\Feature\UserManagement\SuspendAndActivateUserMutationsTest::platform_admin_can_suspend_user_successfully(). Metadata in doc-comments is deprecated and will no longer be supported in PHPUnit 12. Update your test code to use attributes instead.

   WARN  Metadata found in doc-comment for method Tests\Feature\UserManagement\SuspendAndActivateUserMutationsTest::platform_admin_can_activate_suspended_user(). Metadata in doc-comments is deprecated and will no longer be supported in PHPUnit 12. Update your test code to use attributes instead.

   WARN  Metadata found in doc-comment for method Tests\Feature\UserManagement\SuspendAndActivateUserMutationsTest::reason_is_optional_in_suspend_user(). Metadata in doc-comments is deprecated and will no longer be supported in PHPUnit 12. Update your test code to use attributes instead.

   WARN  Metadata found in doc-comment for method Tests\Feature\UserManagement\SuspendAndActivateUserMutationsTest::reason_can_be_provided_for_audit(). Metadata in doc-comments is deprecated and will no longer be supported in PHPUnit 12. Update your test code to use attributes instead.

   WARN  Metadata found in doc-comment for method Tests\Feature\UserManagement\SuspendAndActivateUserMutationsTest::company_admin_cannot_suspend_users(). Metadata in doc-comments is deprecated and will no longer be supported in PHPUnit 12. Update your test code to use attributes instead.

   WARN  Metadata found in doc-comment for method Tests\Feature\UserManagement\SuspendAndActivateUserMutationsTest::regular_user_cannot_suspend_users(). Metadata in doc-comments is deprecated and will no longer be supported in PHPUnit 12. Update your test code to use attributes instead.

   WARN  Metadata found in doc-comment for method Tests\Feature\UserManagement\SuspendAndActivateUserMutationsTest::suspend_user_requires_authentication(). Metadata in doc-comments is deprecated and will no longer be supported in PHPUnit 12. Update your test code to use attributes instead.

   WARN  Metadata found in doc-comment for method Tests\Feature\UserManagement\SuspendAndActivateUserMutationsTest::activate_user_requires_authentication(). Metadata in doc-comments is deprecated and will no longer be supported in PHPUnit 12. Update your test code to use attributes instead.

   WARN  Metadata found in doc-comment for method Tests\Feature\UserManagement\SuspendAndActivateUserMutationsTest::regular_user_cannot_activate_users(). Metadata in doc-comments is deprecated and will no longer be supported in PHPUnit 12. Update your test code to use attributes instead.

   WARN  Metadata found in doc-comment for method Tests\Feature\UserManagement\SuspendAndActivateUserMutationsTest::returns_user_status_payload_not_complete_user(). Metadata in doc-comments is deprecated and will no longer be supported in PHPUnit 12. Update your test code to use attributes instead.

   WARN  Metadata found in doc-comment for method Tests\Feature\UserManagement\SuspendAndActivateUserMutationsTest::cannot_suspend_nonexistent_user(). Metadata in doc-comments is deprecated and will no longer be supported in PHPUnit 12. Update your test code to use attributes instead.

   WARN  Metadata found in doc-comment for method Tests\Feature\UserManagement\SuspendAndActivateUserMutationsTest::cannot_activate_nonexistent_user(). Metadata in doc-comments is deprecated and will no longer be supported in PHPUnit 12. Update your test code to use attributes instead.

   WARN  Metadata found in doc-comment for method Tests\Feature\UserManagement\SuspendAndActivateUserMutationsTest::updated_at_changes_when_suspending(). Metadata in doc-comments is deprecated and will no longer be supported in PHPUnit 12. Update your test code to use attributes instead.

   WARN  Metadata found in doc-comment for method Tests\Feature\UserManagement\SuspendAndActivateUserMutationsTest::complete_flow_suspend_then_activate(). Metadata in doc-comments is deprecated and will no longer be supported in PHPUnit 12. Update your test code to use attributes instead.

   WARN  Metadata found in doc-comment for method Tests\Feature\UserManagement\UpdateMyPreferencesMutationTest::user_can_update_their_preferences_successfully(). Metadata in doc-comments is deprecated and will no longer be supported in PHPUnit 12. Update your test code to use attributes instead.

   WARN  Metadata found in doc-comment for method Tests\Feature\UserManagement\UpdateMyPreferencesMutationTest::can_update_only_some_preference_fields(). Metadata in doc-comments is deprecated and will no longer be supported in PHPUnit 12. Update your test code to use attributes instead.

   WARN  Metadata found in doc-comment for method Tests\Feature\UserManagement\UpdateMyPreferencesMutationTest::theme_must_be_light_or_dark(). Metadata in doc-comments is deprecated and will no longer be supported in PHPUnit 12. Update your test code to use attributes instead.

   WARN  Metadata found in doc-comment for method Tests\Feature\UserManagement\UpdateMyPreferencesMutationTest::language_must_be_es_or_en(). Metadata in doc-comments is deprecated and will no longer be supported in PHPUnit 12. Update your test code to use attributes instead.

   WARN  Metadata found in doc-comment for method Tests\Feature\UserManagement\UpdateMyPreferencesMutationTest::can_change_only_theme_for_dark_mode_toggle(). Metadata in doc-comments is deprecated and will no longer be supported in PHPUnit 12. Update your test code to use attributes instead.

   WARN  Metadata found in doc-comment for method Tests\Feature\UserManagement\UpdateMyPreferencesMutationTest::can_change_only_language_for_language_selector(). Metadata in doc-comments is deprecated and will no longer be supported in PHPUnit 12. Update your test code to use attributes instead.

   WARN  Metadata found in doc-comment for method Tests\Feature\UserManagement\UpdateMyPreferencesMutationTest::can_toggle_web_push_notifications(). Metadata in doc-comments is deprecated and will no longer be supported in PHPUnit 12. Update your test code to use attributes instead.

   WARN  Metadata found in doc-comment for method Tests\Feature\UserManagement\UpdateMyPreferencesMutationTest::can_toggle_ticket_notifications(). Metadata in doc-comments is deprecated and will no longer be supported in PHPUnit 12. Update your test code to use attributes instead.

   WARN  Metadata found in doc-comment for method Tests\Feature\UserManagement\UpdateMyPreferencesMutationTest::mutation_requires_authentication(). Metadata in doc-comments is deprecated and will no longer be supported in PHPUnit 12. Update your test code to use attributes instead.

   WARN  Metadata found in doc-comment for method Tests\Feature\UserManagement\UpdateMyPreferencesMutationTest::returns_only_preferences_not_complete_user(). Metadata in doc-comments is deprecated and will no longer be supported in PHPUnit 12. Update your test code to use attributes instead.

   WARN  Metadata found in doc-comment for method Tests\Feature\UserManagement\UpdateMyPreferencesMutationTest::updated_at_is_updated_correctly(). Metadata in doc-comments is deprecated and will no longer be supported in PHPUnit 12. Update your test code to use attributes instead.

   WARN  Metadata found in doc-comment for method Tests\Feature\UserManagement\UpdateMyPreferencesMutationTest::timezone_accepts_valid_iana_values(). Metadata in doc-comments is deprecated and will no longer be supported in PHPUnit 12. Update your test code to use attributes instead.

   WARN  Metadata found in doc-comment for method Tests\Feature\UserManagement\UpdateMyPreferencesMutationTest::mutation_is_independent_from_update_my_profile(). Metadata in doc-comments is deprecated and will no longer be supported in PHPUnit 12. Update your test code to use attributes instead.

   WARN  Metadata found in doc-comment for method Tests\Feature\UserManagement\UpdateMyProfileMutationTest::user_can_update_their_profile_successfully(). Metadata in doc-comments is deprecated and will no longer be supported in PHPUnit 12. Update your test code to use attributes instead.

   WARN  Metadata found in doc-comment for method Tests\Feature\UserManagement\UpdateMyProfileMutationTest::can_update_only_some_fields(). Metadata in doc-comments is deprecated and will no longer be supported in PHPUnit 12. Update your test code to use attributes instead.

   WARN  Metadata found in doc-comment for method Tests\Feature\UserManagement\UpdateMyProfileMutationTest::first_name_must_have_minimum_2_characters(). Metadata in doc-comments is deprecated and will no longer be supported in PHPUnit 12. Update your test code to use attributes instead.

   WARN  Metadata found in doc-comment for method Tests\Feature\UserManagement\UpdateMyProfileMutationTest::phone_number_must_be_valid_length(). Metadata in doc-comments is deprecated and will no longer be supported in PHPUnit 12. Update your test code to use attributes instead.

   WARN  Metadata found in doc-comment for method Tests\Feature\UserManagement\UpdateMyProfileMutationTest::mutation_requires_authentication(). Metadata in doc-comments is deprecated and will no longer be supported in PHPUnit 12. Update your test code to use attributes instead.

   WARN  Metadata found in doc-comment for method Tests\Feature\UserManagement\UpdateMyProfileMutationTest::display_name_updates_automatically(). Metadata in doc-comments is deprecated and will no longer be supported in PHPUnit 12. Update your test code to use attributes instead.

   WARN  Metadata found in doc-comment for method Tests\Feature\UserManagement\AvailableRolesQueryTest::admin_can_get_available_roles_list(). Metadata in doc-comments is deprecated and will no longer be supported in PHPUnit 12. Update your test code to use attributes instead.

   WARN  Metadata found in doc-comment for method Tests\Feature\UserManagement\AvailableRolesQueryTest::returns_four_basic_system_roles(). Metadata in doc-comments is deprecated and will no longer be supported in PHPUnit 12. Update your test code to use attributes instead.

   WARN  Metadata found in doc-comment for method Tests\Feature\UserManagement\AvailableRolesQueryTest::user_and_platform_admin_do_not_require_company(). Metadata in doc-comments is deprecated and will no longer be supported in PHPUnit 12. Update your test code to use attributes instead.

   WARN  Metadata found in doc-comment for method Tests\Feature\UserManagement\AvailableRolesQueryTest::agent_and_company_admin_require_company(). Metadata in doc-comments is deprecated and will no longer be supported in PHPUnit 12. Update your test code to use attributes instead.

   WARN  Metadata found in doc-comment for method Tests\Feature\UserManagement\AvailableRolesQueryTest::each_role_has_default_dashboard(). Metadata in doc-comments is deprecated and will no longer be supported in PHPUnit 12. Update your test code to use attributes instead.

   WARN  Metadata found in doc-comment for method Tests\Feature\UserManagement\AvailableRolesQueryTest::basic_roles_are_marked_as_system_roles(). Metadata in doc-comments is deprecated and will no longer be supported in PHPUnit 12. Update your test code to use attributes instead.

   WARN  Metadata found in doc-comment for method Tests\Feature\UserManagement\AvailableRolesQueryTest::each_role_has_readable_description(). Metadata in doc-comments is deprecated and will no longer be supported in PHPUnit 12. Update your test code to use attributes instead.

   WARN  Metadata found in doc-comment for method Tests\Feature\UserManagement\AvailableRolesQueryTest::company_admin_can_also_access_list(). Metadata in doc-comments is deprecated and will no longer be supported in PHPUnit 12. Update your test code to use attributes instead.

   WARN  Metadata found in doc-comment for method Tests\Feature\UserManagement\AvailableRolesQueryTest::regular_user_cannot_access_list(). Metadata in doc-comments is deprecated and will no longer be supported in PHPUnit 12. Update your test code to use attributes instead.

   WARN  Metadata found in doc-comment for method Tests\Feature\UserManagement\AvailableRolesQueryTest::query_requires_authentication(). Metadata in doc-comments is deprecated and will no longer be supported in PHPUnit 12. Update your test code to use attributes instead.

   WARN  Metadata found in doc-comment for method Tests\Feature\UserManagement\AvailableRolesQueryTest::query_is_useful_for_role_selectors(). Metadata in doc-comments is deprecated and will no longer be supported in PHPUnit 12. Update your test code to use attributes instead.

   WARN  Metadata found in doc-comment for method Tests\Feature\UserManagement\AvailableRolesQueryTest::query_is_useful_for_role_assignment_validation(). Metadata in doc-comments is deprecated and will no longer be supported in PHPUnit 12. Update your test code to use attributes instead.

   WARN  Metadata found in doc-comment for method Tests\Feature\UserManagement\AvailableRolesQueryTest::roles_are_consistently_ordered(). Metadata in doc-comments is deprecated and will no longer be supported in PHPUnit 12. Update your test code to use attributes instead.

   WARN  Metadata found in doc-comment for method Tests\Feature\UserManagement\MeQueryTest::authenticated_user_can_get_their_information(). Metadata in doc-comments is deprecated and will no longer be supported in PHPUnit 12. Update your test code to use attributes instead.

   WARN  Metadata found in doc-comment for method Tests\Feature\UserManagement\MeQueryTest::query_requires_authentication(). Metadata in doc-comments is deprecated and will no longer be supported in PHPUnit 12. Update your test code to use attributes instead.

   WARN  Metadata found in doc-comment for method Tests\Feature\UserManagement\MeQueryTest::user_with_multiple_roles_returns_all_contexts(). Metadata in doc-comments is deprecated and will no longer be supported in PHPUnit 12. Update your test code to use attributes instead.

   WARN  Metadata found in doc-comment for method Tests\Feature\UserManagement\MeQueryTest::average_rating_is_null_for_users_without_resolved_tickets(). Metadata in doc-comments is deprecated and will no longer be supported in PHPUnit 12. Update your test code to use attributes instead.

   WARN  Metadata found in doc-comment for method Tests\Feature\UserManagement\MyProfileQueryTest::returns_complete_profile_for_authenticated_user(). Metadata in doc-comments is deprecated and will no longer be supported in PHPUnit 12. Update your test code to use attributes instead.

   WARN  Metadata found in doc-comment for method Tests\Feature\UserManagement\MyProfileQueryTest::query_requires_authentication(). Metadata in doc-comments is deprecated and will no longer be supported in PHPUnit 12. Update your test code to use attributes instead.

   WARN  Metadata found in doc-comment for method Tests\Feature\UserManagement\MyProfileQueryTest::returns_null_for_optional_fields_when_not_set(). Metadata in doc-comments is deprecated and will no longer be supported in PHPUnit 12. Update your test code to use attributes instead.

   WARN  Metadata found in doc-comment for method Tests\Feature\UserManagement\MyProfileQueryTest::display_name_is_automatically_generated(). Metadata in doc-comments is deprecated and will no longer be supported in PHPUnit 12. Update your test code to use attributes instead.

   WARN  Metadata found in doc-comment for method Tests\Feature\UserManagement\MyProfileQueryTest::returns_default_values_for_preferences(). Metadata in doc-comments is deprecated and will no longer be supported in PHPUnit 12. Update your test code to use attributes instead.

   WARN  Metadata found in doc-comment for method Tests\Feature\UserManagement\MyProfileQueryTest::query_is_useful_for_profile_edit_forms(). Metadata in doc-comments is deprecated and will no longer be supported in PHPUnit 12. Update your test code to use attributes instead.

   WARN  Metadata found in doc-comment for method Tests\Feature\UserManagement\MyProfileQueryTest::query_is_useful_for_preferences_forms(). Metadata in doc-comments is deprecated and will no longer be supported in PHPUnit 12. Update your test code to use attributes instead.

   WARN  Metadata found in doc-comment for method Tests\Feature\UserManagement\MyProfileQueryTest::optional_fields_can_be_null(). Metadata in doc-comments is deprecated and will no longer be supported in PHPUnit 12. Update your test code to use attributes instead.

   WARN  Metadata found in doc-comment for method Tests\Feature\UserManagement\MyProfileQueryTest::timestamps_are_returned_in_iso_8601_format(). Metadata in doc-comments is deprecated and will no longer be supported in PHPUnit 12. Update your test code to use attributes instead.

   WARN  Metadata found in doc-comment for method Tests\Feature\UserManagement\UserQueryTest::platform_admin_can_view_complete_user_information(). Metadata in doc-comments is deprecated and will no longer be supported in PHPUnit 12. Update your test code to use attributes instead.

   WARN  Metadata found in doc-comment for method Tests\Feature\UserManagement\UserQueryTest::structure_is_identical_to_me_query(). Metadata in doc-comments is deprecated and will no longer be supported in PHPUnit 12. Update your test code to use attributes instead.

   WARN  Metadata found in doc-comment for method Tests\Feature\UserManagement\UserQueryTest::company_admin_can_view_users_from_their_company(). Metadata in doc-comments is deprecated and will no longer be supported in PHPUnit 12. Update your test code to use attributes instead.

   WARN  Metadata found in doc-comment for method Tests\Feature\UserManagement\UserQueryTest::company_admin_cannot_view_users_from_other_companies(). Metadata in doc-comments is deprecated and will no longer be supported in PHPUnit 12. Update your test code to use attributes instead.

   WARN  Metadata found in doc-comment for method Tests\Feature\UserManagement\UserQueryTest::regular_user_cannot_view_other_users(). Metadata in doc-comments is deprecated and will no longer be supported in PHPUnit 12. Update your test code to use attributes instead.

   WARN  Metadata found in doc-comment for method Tests\Feature\UserManagement\UserQueryTest::query_requires_authentication(). Metadata in doc-comments is deprecated and will no longer be supported in PHPUnit 12. Update your test code to use attributes instead.

   WARN  Metadata found in doc-comment for method Tests\Feature\UserManagement\UserQueryTest::returns_null_if_user_not_found(). Metadata in doc-comments is deprecated and will no longer be supported in PHPUnit 12. Update your test code to use attributes instead.

   WARN  Metadata found in doc-comment for method Tests\Feature\UserManagement\UserQueryTest::user_with_multiple_roles_returns_all_contexts(). Metadata in doc-comments is deprecated and will no longer be supported in PHPUnit 12. Update your test code to use attributes instead.

   WARN  Metadata found in doc-comment for method Tests\Feature\UserManagement\UserQueryTest::average_rating_is_null_for_users_without_resolved_tickets(). Metadata in doc-comments is deprecated and will no longer be supported in PHPUnit 12. Update your test code to use attributes instead.

   WARN  Metadata found in doc-comment for method Tests\Feature\UserManagement\UserQueryTest::query_is_useful_for_user_detail_pages(). Metadata in doc-comments is deprecated and will no longer be supported in PHPUnit 12. Update your test code to use attributes instead.

   WARN  Metadata found in doc-comment for method Tests\Feature\UserManagement\UserQueryTest::user_can_view_themselves(). Metadata in doc-comments is deprecated and will no longer be supported in PHPUnit 12. Update your test code to use attributes instead.

   WARN  Metadata found in doc-comment for method Tests\Feature\UserManagement\UsersQueryTest::platform_admin_can_list_all_users(). Metadata in doc-comments is deprecated and will no longer be supported in PHPUnit 12. Update your test code to use attributes instead.

   WARN  Metadata found in doc-comment for method Tests\Feature\UserManagement\UsersQueryTest::can_filter_by_search_text(). Metadata in doc-comments is deprecated and will no longer be supported in PHPUnit 12. Update your test code to use attributes instead.

   WARN  Metadata found in doc-comment for method Tests\Feature\UserManagement\UsersQueryTest::can_filter_by_status(). Metadata in doc-comments is deprecated and will no longer be supported in PHPUnit 12. Update your test code to use attributes instead.

   WARN  Metadata found in doc-comment for method Tests\Feature\UserManagement\UsersQueryTest::can_filter_by_role(). Metadata in doc-comments is deprecated and will no longer be supported in PHPUnit 12. Update your test code to use attributes instead.

   WARN  Metadata found in doc-comment for method Tests\Feature\UserManagement\UsersQueryTest::company_admin_only_sees_users_from_their_company(). Metadata in doc-comments is deprecated and will no longer be supported in PHPUnit 12. Update your test code to use attributes instead.

   WARN  Metadata found in doc-comment for method Tests\Feature\UserManagement\UsersQueryTest::can_order_by_different_fields(). Metadata in doc-comments is deprecated and will no longer be supported in PHPUnit 12. Update your test code to use attributes instead.

   WARN  Metadata found in doc-comment for method Tests\Feature\UserManagement\UsersQueryTest::respects_maximum_limit_of_50_per_page(). Metadata in doc-comments is deprecated and will no longer be supported in PHPUnit 12. Update your test code to use attributes instead.

   WARN  Metadata found in doc-comment for method Tests\Feature\UserManagement\UsersQueryTest::query_requires_admin_role(). Metadata in doc-comments is deprecated and will no longer be supported in PHPUnit 12. Update your test code to use attributes instead.

   WARN  Metadata found in doc-comment for method Tests\Feature\UserManagement\UsersQueryTest::query_requires_authentication(). Metadata in doc-comments is deprecated and will no longer be supported in PHPUnit 12. Update your test code to use attributes instead.

   INFO  No tests found.

